#
# There is insufficient memory for the Java Runtime Environment to continue.
# Native memory allocation (mmap) failed to map 65536 bytes for Failed to commit metaspace.
# Possible reasons:
#   The system is out of physical RAM or swap space
#   The process is running with CompressedOops enabled, and the Java Heap may be blocking the growth of the native heap
# Possible solutions:
#   Reduce memory load on the system
#   Increase physical memory or swap space
#   Check if swap backing store is full
#   Decrease Java heap size (-Xmx/-Xms)
#   Decrease number of Java threads
#   Decrease Java thread stack sizes (-Xss)
#   Set larger code cache with -XX:ReservedCodeCacheSize=
#   JVM is running with Zero Based Compressed Oops mode in which the Java heap is
#     placed in the first 32GB address space. The Java Heap base address is the
#     maximum limit for the native heap growth. Please use -XX:HeapBaseMinAddress
#     to set the Java Heap base and to place the Java Heap above 32GB virtual address.
# This output file may be truncated or incomplete.
#
#  Out of Memory Error (virtualSpaceNode.cpp:110), pid=32740, tid=27940
#
# JRE version: Java(TM) SE Runtime Environment (17.0.12+8) (build 17.0.12+8-LTS-286)
# Java VM: Java HotSpot(TM) 64-Bit Server VM (17.0.12+8-LTS-286, mixed mode, sharing, tiered, compressed oops, compressed class ptrs, g1 gc, windows-amd64)
# No core dump will be written. Minidumps are not enabled by default on client versions of Windows
#

---------------  S U M M A R Y ------------

Command Line: --module-path=C:\Users\DELL\.m2\repository\org\openjfx\javafx-base\17\javafx-base-17-win.jar;C:\Users\DELL\.m2\repository\org\openjfx\javafx-base\17\javafx-base-17.jar;C:\Users\DELL\.m2\repository\org\openjfx\javafx-controls\17\javafx-controls-17-win.jar;C:\Users\DELL\.m2\repository\org\openjfx\javafx-controls\17\javafx-controls-17.jar;C:\Users\DELL\.m2\repository\org\openjfx\javafx-fxml\17\javafx-fxml-17-win.jar;C:\Users\DELL\.m2\repository\org\openjfx\javafx-fxml\17\javafx-fxml-17.jar;C:\Users\DELL\.m2\repository\org\openjfx\javafx-graphics\17\javafx-graphics-17-win.jar;C:\Users\DELL\.m2\repository\org\openjfx\javafx-graphics\17\javafx-graphics-17.jar --add-modules=javafx.base,javafx.base,javafx.controls,javafx.controls,javafx.fxml,javafx.fxml,javafx.graphics,javafx.graphics ma.refuge.MainApp

Host: 13th Gen Intel(R) Core(TM) i3-1315U, 8 cores, 15G,  Windows 11 , 64 bit Build 26100 (10.0.26100.5074)
Time: Sun Jan 11 17:18:34 2026 Maroc (heure d64 bit Build 26100 (10.0.26100.5074) elapsed time: 1.894981 seconds (0d 0h 0m 1s)

---------------  T H R E A D  ---------------

Current thread (0x000001bb45512e70):  JavaThread "JavaFX Application Thread" [_thread_in_vm, id=27940, stack(0x0000006e56500000,0x0000006e56600000)]

Stack: [0x0000006e56500000,0x0000006e56600000]
Native frames: (J=compiled Java code, j=interpreted, Vv=VM code, C=native code)
V  [jvm.dll+0x67a04a]
V  [jvm.dll+0x7da4ed]
V  [jvm.dll+0x7dbe33]
V  [jvm.dll+0x7dc4a3]
V  [jvm.dll+0x24508f]
V  [jvm.dll+0x7d60bb]
V  [jvm.dll+0x6206c6]
V  [jvm.dll+0x1bed07]
V  [jvm.dll+0x623022]
V  [jvm.dll+0x621086]
V  [jvm.dll+0x1e2d4b]
V  [jvm.dll+0x1e272e]
V  [jvm.dll+0x1e937b]
V  [jvm.dll+0x1dea41]
V  [jvm.dll+0x53f78c]
V  [jvm.dll+0x7553b8]
V  [jvm.dll+0x7554a4]
V  [jvm.dll+0x40d1af]
V  [jvm.dll+0x413c39]
C  [java.dll+0x17ec]

Java frames: (J=compiled Java code, j=interpreted, Vv=VM code)
J 1025  java.lang.ClassLoader.defineClass1(Ljava/lang/ClassLoader;Ljava/lang/String;[BIILjava/security/ProtectionDomain;Ljava/lang/String;)Ljava/lang/Class; java.base@17.0.12 (0 bytes) @ 0x000001bb6a927763 [0x000001bb6a9276a0+0x00000000000000c3]
J 1030 c1 java.lang.ClassLoader.defineClass(Ljava/lang/String;[BIILjava/security/ProtectionDomain;)Ljava/lang/Class; java.base@17.0.12 (43 bytes) @ 0x000001bb62f9815c [0x000001bb62f97e00+0x000000000000035c]
J 1038 c1 java.lang.ClassLoader.defineClass(Ljava/lang/String;Ljava/nio/ByteBuffer;Ljava/security/ProtectionDomain;)Ljava/lang/Class; java.base@17.0.12 (108 bytes) @ 0x000001bb62f9e6e4 [0x000001bb62f9de80+0x0000000000000864]
J 1068 c1 java.security.SecureClassLoader.defineClass(Ljava/lang/String;Ljava/nio/ByteBuffer;Ljava/security/CodeSource;)Ljava/lang/Class; java.base@17.0.12 (12 bytes) @ 0x000001bb62fac67c [0x000001bb62fac5c0+0x00000000000000bc]
J 988 c1 jdk.internal.loader.BuiltinClassLoader.defineClass(Ljava/lang/String;Ljdk/internal/loader/BuiltinClassLoader$LoadedModule;)Ljava/lang/Class; java.base@17.0.12 (162 bytes) @ 0x000001bb62f7d884 [0x000001bb62f7bd20+0x0000000000001b64]
J 787 c1 jdk.internal.loader.BuiltinClassLoader.loadClassOrNull(Ljava/lang/String;Z)Ljava/lang/Class; java.base@17.0.12 (143 bytes) @ 0x000001bb62f220bc [0x000001bb62f21ac0+0x00000000000005fc]
J 789 c1 jdk.internal.loader.ClassLoaders$AppClassLoader.loadClass(Ljava/lang/String;Z)Ljava/lang/Class; java.base@17.0.12 (40 bytes) @ 0x000001bb62f24504 [0x000001bb62f23ee0+0x0000000000000624]
J 788 c1 java.lang.ClassLoader.loadClass(Ljava/lang/String;)Ljava/lang/Class; java.base@17.0.12 (7 bytes) @ 0x000001bb62f23b4c [0x000001bb62f23a40+0x000000000000010c]
v  ~StubRoutines::call_stub
j  com.sun.javafx.scene.layout.region.Margins$Holder.<clinit>()V+4 javafx.graphics
v  ~StubRoutines::call_stub
j  com.sun.javafx.scene.layout.region.Margins$SequenceConverter.getInstance()Lcom/sun/javafx/scene/layout/region/Margins$SequenceConverter;+0 javafx.graphics
j  javafx.css.StyleConverter.getInstance(Ljava/lang/String;)Ljavafx/css/StyleConverter;+2043 javafx.graphics
j  javafx.css.StyleConverter.readBinary(Ljava/io/DataInputStream;[Ljava/lang/String;)Ljavafx/css/StyleConverter;+80 javafx.graphics
J 1156 c1 com.sun.javafx.css.ParsedValueImpl.readBinary(ILjava/io/DataInputStream;[Ljava/lang/String;)Lcom/sun/javafx/css/ParsedValueImpl; javafx.graphics (688 bytes) @ 0x000001bb62fdd294 [0x000001bb62fdcec0+0x00000000000003d4]
j  javafx.css.Declaration.readBinary(ILjava/io/DataInputStream;[Ljava/lang/String;)Ljavafx/css/Declaration;+10 javafx.graphics
j  javafx.css.Rule.getUnobservedDeclarationList()Ljava/util/List;+73 javafx.graphics
j  javafx.css.Rule$Observables.<init>(Ljavafx/css/Rule;)V+32 javafx.graphics
j  javafx.css.Rule.getSelectors()Ljavafx/collections/ObservableList;+13 javafx.graphics
j  com.sun.javafx.css.StyleManager$StylesheetContainer.<init>(Ljava/lang/String;Ljavafx/css/Stylesheet;[B)V+111 javafx.graphics
j  com.sun.javafx.css.StyleManager$StylesheetContainer.<init>(Ljava/lang/String;Ljavafx/css/Stylesheet;)V+20 javafx.graphics
j  com.sun.javafx.css.StyleManager._setDefaultUserAgentStylesheet(Ljava/lang/String;)Z+146 javafx.graphics
j  com.sun.javafx.css.StyleManager.setUserAgentStylesheets(Ljava/util/List;)V+267 javafx.graphics
j  com.sun.javafx.application.PlatformImpl.lambda$_setPlatformUserAgentStylesheet$20(Ljava/util/List;)Ljava/lang/Object;+4 javafx.graphics
j  com.sun.javafx.application.PlatformImpl$$Lambda$138+0x000001bb010d6dd0.run()Ljava/lang/Object;+4 javafx.graphics
J 956 c1 java.security.AccessController.doPrivileged(Ljava/security/PrivilegedAction;)Ljava/lang/Object; java.base@17.0.12 (9 bytes) @ 0x000001bb62f70bc4 [0x000001bb62f70a60+0x0000000000000164]
j  com.sun.javafx.application.PlatformImpl._setPlatformUserAgentStylesheet(Ljava/lang/String;)V+375 javafx.graphics
j  com.sun.javafx.application.PlatformImpl.setPlatformUserAgentStylesheet(Ljava/lang/String;)V+7 javafx.graphics
j  com.sun.javafx.application.PlatformImpl.setDefaultPlatformUserAgentStylesheet()V+3 javafx.graphics
j  javafx.scene.control.Control.<clinit>()V+32 javafx.controls
v  ~StubRoutines::call_stub
j  jdk.internal.reflect.NativeConstructorAccessorImpl.newInstance0(Ljava/lang/reflect/Constructor;[Ljava/lang/Object;)Ljava/lang/Object;+0 java.base@17.0.12
j  jdk.internal.reflect.NativeConstructorAccessorImpl.newInstance([Ljava/lang/Object;)Ljava/lang/Object;+118 java.base@17.0.12
j  jdk.internal.reflect.DelegatingConstructorAccessorImpl.newInstance([Ljava/lang/Object;)Ljava/lang/Object;+5 java.base@17.0.12
j  java.lang.reflect.Constructor.newInstanceWithCaller([Ljava/lang/Object;ZLjava/lang/Class;)Ljava/lang/Object;+65 java.base@17.0.12
j  java.lang.reflect.Constructor.newInstance([Ljava/lang/Object;)Ljava/lang/Object;+30 java.base@17.0.12
j  javafx.fxml.FXMLLoader$InstanceDeclarationElement.constructValue()Ljava/lang/Object;+190 javafx.fxml
j  javafx.fxml.FXMLLoader$ValueElement.processStartElement()V+6 javafx.fxml
j  javafx.fxml.FXMLLoader.processStartElement()V+8 javafx.fxml
j  javafx.fxml.FXMLLoader.loadImpl(Ljava/io/InputStream;Ljava/lang/Class;)Ljava/lang/Object;+207 javafx.fxml
j  javafx.fxml.FXMLLoader.loadImpl(Ljava/lang/Class;)Ljava/lang/Object;+31 javafx.fxml
j  javafx.fxml.FXMLLoader$IncludeElement.constructValue()Ljava/lang/Object;+236 javafx.fxml
j  javafx.fxml.FXMLLoader$ValueElement.processStartElement()V+6 javafx.fxml
j  javafx.fxml.FXMLLoader.processStartElement()V+8 javafx.fxml
j  javafx.fxml.FXMLLoader.loadImpl(Ljava/io/InputStream;Ljava/lang/Class;)Ljava/lang/Object;+207 javafx.fxml
j  javafx.fxml.FXMLLoader.loadImpl(Ljava/lang/Class;)Ljava/lang/Object;+31 javafx.fxml
j  javafx.fxml.FXMLLoader.load()Ljava/lang/Object;+17 javafx.fxml
j  ma.refuge.MainApp.start(Ljavafx/stage/Stage;)V+18
j  com.sun.javafx.application.LauncherImpl.lambda$launchApplication1$9(Ljava/util/concurrent/atomic/AtomicBoolean;Ljavafx/application/Application;)V+20 javafx.graphics
j  com.sun.javafx.application.LauncherImpl$$Lambda$104+0x000001bb01086b28.run()V+8 javafx.graphics
j  com.sun.javafx.application.PlatformImpl.lambda$runAndWait$12(Ljava/lang/Runnable;Ljava/util/concurrent/CountDownLatch;)V+1 javafx.graphics
j  com.sun.javafx.application.PlatformImpl$$Lambda$97+0x000001bb0103d970.run()V+8 javafx.graphics
j  com.sun.javafx.application.PlatformImpl.lambda$runLater$10(Ljava/lang/Runnable;)Ljava/lang/Void;+1 javafx.graphics
j  com.sun.javafx.application.PlatformImpl$$Lambda$99+0x000001bb0103ede0.run()Ljava/lang/Object;+4 javafx.graphics
j  java.security.AccessController.executePrivileged(Ljava/security/PrivilegedAction;Ljava/security/AccessControlContext;Ljava/lang/Class;)Ljava/lang/Object;+29 java.base@17.0.12
j  java.security.AccessController.doPrivileged(Ljava/security/PrivilegedAction;Ljava/security/AccessControlContext;)Ljava/lang/Object;+13 java.base@17.0.12
j  com.sun.javafx.application.PlatformImpl.lambda$runLater$11(Ljava/lang/Runnable;Ljava/security/AccessControlContext;)V+7 javafx.graphics
j  com.sun.javafx.application.PlatformImpl$$Lambda$98+0x000001bb0103dd90.run()V+8 javafx.graphics
j  com.sun.glass.ui.InvokeLaterDispatcher$Future.run()V+4 javafx.graphics
v  ~StubRoutines::call_stub
j  com.sun.glass.ui.win.WinApplication._runLoop(Ljava/lang/Runnable;)V+0 javafx.graphics
j  com.sun.glass.ui.win.WinApplication.lambda$runLoop$3(ILjava/lang/Runnable;)V+8 javafx.graphics
j  com.sun.glass.ui.win.WinApplication$$Lambda$87+0x000001bb0102c6c0.run()V+12 javafx.graphics
j  java.lang.Thread.run()V+11 java.base@17.0.12
v  ~StubRoutines::call_stub

---------------  P R O C E S S  ---------------

Threads class SMR info:
_java_thread_list=0x000001bb45a3ba40, length=18, elements={
0x000001bb59ca2390, 0x000001bb7e8532e0, 0x000001bb7e854a10, 0x000001bb7e86bb70,
0x000001bb7e86e540, 0x000001bb7e86ef00, 0x000001bb7e86f8c0, 0x000001bb7e870660,
0x000001bb7e87bee0, 0x000001bb7e8fc1b0, 0x000001bb7e944b70, 0x000001bb7efc1080,
0x000001bb7ef4c650, 0x000001bb7f589fb0, 0x000001bb45512e70, 0x000001bb45993ff0,
0x000001bb459948e0, 0x000001bb45b46300
}

Java Threads: ( => current thread )
  0x000001bb59ca2390 JavaThread "main" [_thread_blocked, id=23616, stack(0x0000006e55000000,0x0000006e55100000)]
  0x000001bb7e8532e0 JavaThread "Reference Handler" daemon [_thread_blocked, id=22772, stack(0x0000006e55700000,0x0000006e55800000)]
  0x000001bb7e854a10 JavaThread "Finalizer" daemon [_thread_blocked, id=14752, stack(0x0000006e55800000,0x0000006e55900000)]
  0x000001bb7e86bb70 JavaThread "Signal Dispatcher" daemon [_thread_blocked, id=30920, stack(0x0000006e55900000,0x0000006e55a00000)]
  0x000001bb7e86e540 JavaThread "Attach Listener" daemon [_thread_blocked, id=4240, stack(0x0000006e55a00000,0x0000006e55b00000)]
  0x000001bb7e86ef00 JavaThread "Service Thread" daemon [_thread_blocked, id=36880, stack(0x0000006e55b00000,0x0000006e55c00000)]
  0x000001bb7e86f8c0 JavaThread "Monitor Deflation Thread" daemon [_thread_blocked, id=23812, stack(0x0000006e55c00000,0x0000006e55d00000)]
  0x000001bb7e870660 JavaThread "C2 CompilerThread0" daemon [_thread_blocked, id=30460, stack(0x0000006e55d00000,0x0000006e55e00000)]
  0x000001bb7e87bee0 JavaThread "C1 CompilerThread0" daemon [_thread_blocked, id=16400, stack(0x0000006e55e00000,0x0000006e55f00000)]
  0x000001bb7e8fc1b0 JavaThread "Sweeper thread" daemon [_thread_blocked, id=32440, stack(0x0000006e55f00000,0x0000006e56000000)]
  0x000001bb7e944b70 JavaThread "Common-Cleaner" daemon [_thread_blocked, id=36172, stack(0x0000006e56000000,0x0000006e56100000)]
  0x000001bb7efc1080 JavaThread "Notification Thread" daemon [_thread_blocked, id=26584, stack(0x0000006e56300000,0x0000006e56400000)]
  0x000001bb7ef4c650 JavaThread "QuantumRenderer-0" daemon [_thread_blocked, id=13220, stack(0x0000006e56100000,0x0000006e56200000)]
  0x000001bb7f589fb0 JavaThread "InvokeLaterDispatcher" daemon [_thread_blocked, id=3396, stack(0x0000006e56200000,0x0000006e56300000)]
=>0x000001bb45512e70 JavaThread "JavaFX Application Thread" [_thread_in_vm, id=27940, stack(0x0000006e56500000,0x0000006e56600000)]
  0x000001bb45993ff0 JavaThread "JavaFX-Launcher" [_thread_blocked, id=10868, stack(0x0000006e57200000,0x0000006e57300000)]
  0x000001bb459948e0 JavaThread "Thread-2" daemon [_thread_in_native, id=37860, stack(0x0000006e57100000,0x0000006e57200000)]
  0x000001bb45b46300 JavaThread "C2 CompilerThread1" daemon [_thread_blocked, id=18820, stack(0x0000006e57800000,0x0000006e57900000)]

Other Threads:
  0x000001bb7e84bb30 VMThread "VM Thread" [stack: 0x0000006e55600000,0x0000006e55700000] [id=20980]
  0x000001bb7ef50fc0 WatcherThread [stack: 0x0000006e56400000,0x0000006e56500000] [id=27748]
  0x000001bb59d0f960 GCTaskThread "GC Thread#0" [stack: 0x0000006e55100000,0x0000006e55200000] [id=21184]
  0x000001bb45971940 GCTaskThread "GC Thread#1" [stack: 0x0000006e57300000,0x0000006e57400000] [id=33892]
  0x000001bb45a1dce0 GCTaskThread "GC Thread#2" [stack: 0x0000006e57400000,0x0000006e57500000] [id=34192]
  0x000001bb45995990 GCTaskThread "GC Thread#3" [stack: 0x0000006e57500000,0x0000006e57600000] [id=19900]
  0x000001bb45a39290 GCTaskThread "GC Thread#4" [stack: 0x0000006e57600000,0x0000006e57700000] [id=17048]
  0x000001bb45a38a50 GCTaskThread "GC Thread#5" [stack: 0x0000006e57700000,0x0000006e57800000] [id=3308]
  0x000001bb59d203c0 ConcurrentGCThread "G1 Main Marker" [stack: 0x0000006e55200000,0x0000006e55300000] [id=17608]
  0x000001bb59d21de0 ConcurrentGCThread "G1 Conc#0" [stack: 0x0000006e55300000,0x0000006e55400000] [id=15472]
  0x000001bb7e707490 ConcurrentGCThread "G1 Refine#0" [stack: 0x0000006e55400000,0x0000006e55500000] [id=35216]
  0x000001bb7e707b70 ConcurrentGCThread "G1 Service" [stack: 0x0000006e55500000,0x0000006e55600000] [id=34104]

Threads with active compile tasks:

VM state: not at safepoint (normal execution)

VM Mutex/Monitor currently owned by a thread:  ([mutex/lock_event])
[0x000001bb59acd860] Metaspace_lock - owner thread: 0x000001bb45512e70

Heap address: 0x0000000704e00000, size: 4018 MB, Compressed Oops mode: Zero based, Oop shift amount: 3

CDS archive(s) mapped at: [0x000001bb00000000-0x000001bb00bd0000-0x000001bb00bd0000), size 12386304, SharedBaseAddress: 0x000001bb00000000, ArchiveRelocationMode: 1.
Compressed class space mapped at: 0x000001bb01000000-0x000001bb41000000, reserved size: 1073741824
Narrow klass base: 0x000001bb00000000, Narrow klass shift: 0, Narrow klass range: 0x100000000

GC Precious Log:
 CPUs: 8 total, 8 available
 Memory: 16068M
 Large Page Support: Disabled
 NUMA Support: Disabled
 Compressed Oops: Enabled (Zero based)
 Heap Region Size: 2M
 Heap Min Capacity: 8M
 Heap Initial Capacity: 252M
 Heap Max Capacity: 4018M
 Pre-touch: Disabled
 Parallel Workers: 8
 Concurrent Workers: 2
 Concurrent Refinement Workers: 8
 Periodic GC: Disabled

Heap:
 garbage-first heap   total 258048K, used 13608K [0x0000000704e00000, 0x0000000800000000)
  region size 2048K, 8 young (16384K), 2 survivors (4096K)
 Metaspace       used 7720K, committed 7936K, reserved 1114112K
  class space    used 959K, committed 1088K, reserved 1048576K

Heap Regions: E=young(eden), S=young(survivor), O=old, HS=humongous(starts), HC=humongous(continues), CS=collection set, F=free, OA=open archive, CA=closed archive, TAMS=top-at-mark-start (previous, next)
|   0|0x0000000704e00000, 0x0000000704e00000, 0x0000000705000000|  0%| F|  |TAMS 0x0000000704e00000, 0x0000000704e00000| Untracked 
|   1|0x0000000705000000, 0x0000000705000000, 0x0000000705200000|  0%| F|  |TAMS 0x0000000705000000, 0x0000000705000000| Untracked 
|   2|0x0000000705200000, 0x0000000705200000, 0x0000000705400000|  0%| F|  |TAMS 0x0000000705200000, 0x0000000705200000| Untracked 
|   3|0x0000000705400000, 0x0000000705400000, 0x0000000705600000|  0%| F|  |TAMS 0x0000000705400000, 0x0000000705400000| Untracked 
|   4|0x0000000705600000, 0x0000000705600000, 0x0000000705800000|  0%| F|  |TAMS 0x0000000705600000, 0x0000000705600000| Untracked 
|   5|0x0000000705800000, 0x0000000705800000, 0x0000000705a00000|  0%| F|  |TAMS 0x0000000705800000, 0x0000000705800000| Untracked 
|   6|0x0000000705a00000, 0x0000000705a00000, 0x0000000705c00000|  0%| F|  |TAMS 0x0000000705a00000, 0x0000000705a00000| Untracked 
|   7|0x0000000705c00000, 0x0000000705c00000, 0x0000000705e00000|  0%| F|  |TAMS 0x0000000705c00000, 0x0000000705c00000| Untracked 
|   8|0x0000000705e00000, 0x0000000705e00000, 0x0000000706000000|  0%| F|  |TAMS 0x0000000705e00000, 0x0000000705e00000| Untracked 
|   9|0x0000000706000000, 0x0000000706000000, 0x0000000706200000|  0%| F|  |TAMS 0x0000000706000000, 0x0000000706000000| Untracked 
|  10|0x0000000706200000, 0x0000000706200000, 0x0000000706400000|  0%| F|  |TAMS 0x0000000706200000, 0x0000000706200000| Untracked 
|  11|0x0000000706400000, 0x0000000706400000, 0x0000000706600000|  0%| F|  |TAMS 0x0000000706400000, 0x0000000706400000| Untracked 
|  12|0x0000000706600000, 0x0000000706600000, 0x0000000706800000|  0%| F|  |TAMS 0x0000000706600000, 0x0000000706600000| Untracked 
|  13|0x0000000706800000, 0x0000000706800000, 0x0000000706a00000|  0%| F|  |TAMS 0x0000000706800000, 0x0000000706800000| Untracked 
|  14|0x0000000706a00000, 0x0000000706a00000, 0x0000000706c00000|  0%| F|  |TAMS 0x0000000706a00000, 0x0000000706a00000| Untracked 
|  15|0x0000000706c00000, 0x0000000706c00000, 0x0000000706e00000|  0%| F|  |TAMS 0x0000000706c00000, 0x0000000706c00000| Untracked 
|  16|0x0000000706e00000, 0x0000000706e00000, 0x0000000707000000|  0%| F|  |TAMS 0x0000000706e00000, 0x0000000706e00000| Untracked 
|  17|0x0000000707000000, 0x0000000707000000, 0x0000000707200000|  0%| F|  |TAMS 0x0000000707000000, 0x0000000707000000| Untracked 
|  18|0x0000000707200000, 0x0000000707200000, 0x0000000707400000|  0%| F|  |TAMS 0x0000000707200000, 0x0000000707200000| Untracked 
|  19|0x0000000707400000, 0x0000000707400000, 0x0000000707600000|  0%| F|  |TAMS 0x0000000707400000, 0x0000000707400000| Untracked 
|  20|0x0000000707600000, 0x0000000707600000, 0x0000000707800000|  0%| F|  |TAMS 0x0000000707600000, 0x0000000707600000| Untracked 
|  21|0x0000000707800000, 0x0000000707800000, 0x0000000707a00000|  0%| F|  |TAMS 0x0000000707800000, 0x0000000707800000| Untracked 
|  22|0x0000000707a00000, 0x0000000707a00000, 0x0000000707c00000|  0%| F|  |TAMS 0x0000000707a00000, 0x0000000707a00000| Untracked 
|  23|0x0000000707c00000, 0x0000000707c00000, 0x0000000707e00000|  0%| F|  |TAMS 0x0000000707c00000, 0x0000000707c00000| Untracked 
|  24|0x0000000707e00000, 0x0000000707e00000, 0x0000000708000000|  0%| F|  |TAMS 0x0000000707e00000, 0x0000000707e00000| Untracked 
|  25|0x0000000708000000, 0x0000000708000000, 0x0000000708200000|  0%| F|  |TAMS 0x0000000708000000, 0x0000000708000000| Untracked 
|  26|0x0000000708200000, 0x0000000708200000, 0x0000000708400000|  0%| F|  |TAMS 0x0000000708200000, 0x0000000708200000| Untracked 
|  27|0x0000000708400000, 0x0000000708400000, 0x0000000708600000|  0%| F|  |TAMS 0x0000000708400000, 0x0000000708400000| Untracked 
|  28|0x0000000708600000, 0x0000000708600000, 0x0000000708800000|  0%| F|  |TAMS 0x0000000708600000, 0x0000000708600000| Untracked 
|  29|0x0000000708800000, 0x0000000708800000, 0x0000000708a00000|  0%| F|  |TAMS 0x0000000708800000, 0x0000000708800000| Untracked 
|  30|0x0000000708a00000, 0x0000000708a00000, 0x0000000708c00000|  0%| F|  |TAMS 0x0000000708a00000, 0x0000000708a00000| Untracked 
|  31|0x0000000708c00000, 0x0000000708c00000, 0x0000000708e00000|  0%| F|  |TAMS 0x0000000708c00000, 0x0000000708c00000| Untracked 
|  32|0x0000000708e00000, 0x0000000708e00000, 0x0000000709000000|  0%| F|  |TAMS 0x0000000708e00000, 0x0000000708e00000| Untracked 
|  33|0x0000000709000000, 0x0000000709000000, 0x0000000709200000|  0%| F|  |TAMS 0x0000000709000000, 0x0000000709000000| Untracked 
|  34|0x0000000709200000, 0x0000000709200000, 0x0000000709400000|  0%| F|  |TAMS 0x0000000709200000, 0x0000000709200000| Untracked 
|  35|0x0000000709400000, 0x0000000709400000, 0x0000000709600000|  0%| F|  |TAMS 0x0000000709400000, 0x0000000709400000| Untracked 
|  36|0x0000000709600000, 0x0000000709600000, 0x0000000709800000|  0%| F|  |TAMS 0x0000000709600000, 0x0000000709600000| Untracked 
|  37|0x0000000709800000, 0x0000000709800000, 0x0000000709a00000|  0%| F|  |TAMS 0x0000000709800000, 0x0000000709800000| Untracked 
|  38|0x0000000709a00000, 0x0000000709a00000, 0x0000000709c00000|  0%| F|  |TAMS 0x0000000709a00000, 0x0000000709a00000| Untracked 
|  39|0x0000000709c00000, 0x0000000709c00000, 0x0000000709e00000|  0%| F|  |TAMS 0x0000000709c00000, 0x0000000709c00000| Untracked 
|  40|0x0000000709e00000, 0x0000000709e00000, 0x000000070a000000|  0%| F|  |TAMS 0x0000000709e00000, 0x0000000709e00000| Untracked 
|  41|0x000000070a000000, 0x000000070a000000, 0x000000070a200000|  0%| F|  |TAMS 0x000000070a000000, 0x000000070a000000| Untracked 
|  42|0x000000070a200000, 0x000000070a200000, 0x000000070a400000|  0%| F|  |TAMS 0x000000070a200000, 0x000000070a200000| Untracked 
|  43|0x000000070a400000, 0x000000070a400000, 0x000000070a600000|  0%| F|  |TAMS 0x000000070a400000, 0x000000070a400000| Untracked 
|  44|0x000000070a600000, 0x000000070a600000, 0x000000070a800000|  0%| F|  |TAMS 0x000000070a600000, 0x000000070a600000| Untracked 
|  45|0x000000070a800000, 0x000000070a800000, 0x000000070aa00000|  0%| F|  |TAMS 0x000000070a800000, 0x000000070a800000| Untracked 
|  46|0x000000070aa00000, 0x000000070aa00000, 0x000000070ac00000|  0%| F|  |TAMS 0x000000070aa00000, 0x000000070aa00000| Untracked 
|  47|0x000000070ac00000, 0x000000070ac00000, 0x000000070ae00000|  0%| F|  |TAMS 0x000000070ac00000, 0x000000070ac00000| Untracked 
|  48|0x000000070ae00000, 0x000000070ae00000, 0x000000070b000000|  0%| F|  |TAMS 0x000000070ae00000, 0x000000070ae00000| Untracked 
|  49|0x000000070b000000, 0x000000070b000000, 0x000000070b200000|  0%| F|  |TAMS 0x000000070b000000, 0x000000070b000000| Untracked 
|  50|0x000000070b200000, 0x000000070b200000, 0x000000070b400000|  0%| F|  |TAMS 0x000000070b200000, 0x000000070b200000| Untracked 
|  51|0x000000070b400000, 0x000000070b400000, 0x000000070b600000|  0%| F|  |TAMS 0x000000070b400000, 0x000000070b400000| Untracked 
|  52|0x000000070b600000, 0x000000070b600000, 0x000000070b800000|  0%| F|  |TAMS 0x000000070b600000, 0x000000070b600000| Untracked 
|  53|0x000000070b800000, 0x000000070b800000, 0x000000070ba00000|  0%| F|  |TAMS 0x000000070b800000, 0x000000070b800000| Untracked 
|  54|0x000000070ba00000, 0x000000070ba00000, 0x000000070bc00000|  0%| F|  |TAMS 0x000000070ba00000, 0x000000070ba00000| Untracked 
|  55|0x000000070bc00000, 0x000000070bc00000, 0x000000070be00000|  0%| F|  |TAMS 0x000000070bc00000, 0x000000070bc00000| Untracked 
|  56|0x000000070be00000, 0x000000070be00000, 0x000000070c000000|  0%| F|  |TAMS 0x000000070be00000, 0x000000070be00000| Untracked 
|  57|0x000000070c000000, 0x000000070c000000, 0x000000070c200000|  0%| F|  |TAMS 0x000000070c000000, 0x000000070c000000| Untracked 
|  58|0x000000070c200000, 0x000000070c200000, 0x000000070c400000|  0%| F|  |TAMS 0x000000070c200000, 0x000000070c200000| Untracked 
|  59|0x000000070c400000, 0x000000070c400000, 0x000000070c600000|  0%| F|  |TAMS 0x000000070c400000, 0x000000070c400000| Untracked 
|  60|0x000000070c600000, 0x000000070c600000, 0x000000070c800000|  0%| F|  |TAMS 0x000000070c600000, 0x000000070c600000| Untracked 
|  61|0x000000070c800000, 0x000000070c800000, 0x000000070ca00000|  0%| F|  |TAMS 0x000000070c800000, 0x000000070c800000| Untracked 
|  62|0x000000070ca00000, 0x000000070ca00000, 0x000000070cc00000|  0%| F|  |TAMS 0x000000070ca00000, 0x000000070ca00000| Untracked 
|  63|0x000000070cc00000, 0x000000070cc00000, 0x000000070ce00000|  0%| F|  |TAMS 0x000000070cc00000, 0x000000070cc00000| Untracked 
|  64|0x000000070ce00000, 0x000000070ce00000, 0x000000070d000000|  0%| F|  |TAMS 0x000000070ce00000, 0x000000070ce00000| Untracked 
|  65|0x000000070d000000, 0x000000070d000000, 0x000000070d200000|  0%| F|  |TAMS 0x000000070d000000, 0x000000070d000000| Untracked 
|  66|0x000000070d200000, 0x000000070d200000, 0x000000070d400000|  0%| F|  |TAMS 0x000000070d200000, 0x000000070d200000| Untracked 
|  67|0x000000070d400000, 0x000000070d400000, 0x000000070d600000|  0%| F|  |TAMS 0x000000070d400000, 0x000000070d400000| Untracked 
|  68|0x000000070d600000, 0x000000070d600000, 0x000000070d800000|  0%| F|  |TAMS 0x000000070d600000, 0x000000070d600000| Untracked 
|  69|0x000000070d800000, 0x000000070d800000, 0x000000070da00000|  0%| F|  |TAMS 0x000000070d800000, 0x000000070d800000| Untracked 
|  70|0x000000070da00000, 0x000000070da00000, 0x000000070dc00000|  0%| F|  |TAMS 0x000000070da00000, 0x000000070da00000| Untracked 
|  71|0x000000070dc00000, 0x000000070dc00000, 0x000000070de00000|  0%| F|  |TAMS 0x000000070dc00000, 0x000000070dc00000| Untracked 
|  72|0x000000070de00000, 0x000000070de00000, 0x000000070e000000|  0%| F|  |TAMS 0x000000070de00000, 0x000000070de00000| Untracked 
|  73|0x000000070e000000, 0x000000070e000000, 0x000000070e200000|  0%| F|  |TAMS 0x000000070e000000, 0x000000070e000000| Untracked 
|  74|0x000000070e200000, 0x000000070e200000, 0x000000070e400000|  0%| F|  |TAMS 0x000000070e200000, 0x000000070e200000| Untracked 
|  75|0x000000070e400000, 0x000000070e400000, 0x000000070e600000|  0%| F|  |TAMS 0x000000070e400000, 0x000000070e400000| Untracked 
|  76|0x000000070e600000, 0x000000070e600000, 0x000000070e800000|  0%| F|  |TAMS 0x000000070e600000, 0x000000070e600000| Untracked 
|  77|0x000000070e800000, 0x000000070e800000, 0x000000070ea00000|  0%| F|  |TAMS 0x000000070e800000, 0x000000070e800000| Untracked 
|  78|0x000000070ea00000, 0x000000070ea00000, 0x000000070ec00000|  0%| F|  |TAMS 0x000000070ea00000, 0x000000070ea00000| Untracked 
|  79|0x000000070ec00000, 0x000000070ec00000, 0x000000070ee00000|  0%| F|  |TAMS 0x000000070ec00000, 0x000000070ec00000| Untracked 
|  80|0x000000070ee00000, 0x000000070ee00000, 0x000000070f000000|  0%| F|  |TAMS 0x000000070ee00000, 0x000000070ee00000| Untracked 
|  81|0x000000070f000000, 0x000000070f000000, 0x000000070f200000|  0%| F|  |TAMS 0x000000070f000000, 0x000000070f000000| Untracked 
|  82|0x000000070f200000, 0x000000070f200000, 0x000000070f400000|  0%| F|  |TAMS 0x000000070f200000, 0x000000070f200000| Untracked 
|  83|0x000000070f400000, 0x000000070f400000, 0x000000070f600000|  0%| F|  |TAMS 0x000000070f400000, 0x000000070f400000| Untracked 
|  84|0x000000070f600000, 0x000000070f600000, 0x000000070f800000|  0%| F|  |TAMS 0x000000070f600000, 0x000000070f600000| Untracked 
|  85|0x000000070f800000, 0x000000070f800000, 0x000000070fa00000|  0%| F|  |TAMS 0x000000070f800000, 0x000000070f800000| Untracked 
|  86|0x000000070fa00000, 0x000000070fa00000, 0x000000070fc00000|  0%| F|  |TAMS 0x000000070fa00000, 0x000000070fa00000| Untracked 
|  87|0x000000070fc00000, 0x000000070fc00000, 0x000000070fe00000|  0%| F|  |TAMS 0x000000070fc00000, 0x000000070fc00000| Untracked 
|  88|0x000000070fe00000, 0x000000070fe00000, 0x0000000710000000|  0%| F|  |TAMS 0x000000070fe00000, 0x000000070fe00000| Untracked 
|  89|0x0000000710000000, 0x0000000710000000, 0x0000000710200000|  0%| F|  |TAMS 0x0000000710000000, 0x0000000710000000| Untracked 
|  90|0x0000000710200000, 0x0000000710200000, 0x0000000710400000|  0%| F|  |TAMS 0x0000000710200000, 0x0000000710200000| Untracked 
|  91|0x0000000710400000, 0x0000000710400000, 0x0000000710600000|  0%| F|  |TAMS 0x0000000710400000, 0x0000000710400000| Untracked 
|  92|0x0000000710600000, 0x0000000710600000, 0x0000000710800000|  0%| F|  |TAMS 0x0000000710600000, 0x0000000710600000| Untracked 
|  93|0x0000000710800000, 0x0000000710800000, 0x0000000710a00000|  0%| F|  |TAMS 0x0000000710800000, 0x0000000710800000| Untracked 
|  94|0x0000000710a00000, 0x0000000710a00000, 0x0000000710c00000|  0%| F|  |TAMS 0x0000000710a00000, 0x0000000710a00000| Untracked 
|  95|0x0000000710c00000, 0x0000000710c00000, 0x0000000710e00000|  0%| F|  |TAMS 0x0000000710c00000, 0x0000000710c00000| Untracked 
|  96|0x0000000710e00000, 0x0000000710e00000, 0x0000000711000000|  0%| F|  |TAMS 0x0000000710e00000, 0x0000000710e00000| Untracked 
|  97|0x0000000711000000, 0x0000000711000000, 0x0000000711200000|  0%| F|  |TAMS 0x0000000711000000, 0x0000000711000000| Untracked 
|  98|0x0000000711200000, 0x0000000711200000, 0x0000000711400000|  0%| F|  |TAMS 0x0000000711200000, 0x0000000711200000| Untracked 
|  99|0x0000000711400000, 0x0000000711400000, 0x0000000711600000|  0%| F|  |TAMS 0x0000000711400000, 0x0000000711400000| Untracked 
| 100|0x0000000711600000, 0x0000000711600000, 0x0000000711800000|  0%| F|  |TAMS 0x0000000711600000, 0x0000000711600000| Untracked 
| 101|0x0000000711800000, 0x0000000711800000, 0x0000000711a00000|  0%| F|  |TAMS 0x0000000711800000, 0x0000000711800000| Untracked 
| 102|0x0000000711a00000, 0x0000000711a00000, 0x0000000711c00000|  0%| F|  |TAMS 0x0000000711a00000, 0x0000000711a00000| Untracked 
| 103|0x0000000711c00000, 0x0000000711c00000, 0x0000000711e00000|  0%| F|  |TAMS 0x0000000711c00000, 0x0000000711c00000| Untracked 
| 104|0x0000000711e00000, 0x0000000711e00000, 0x0000000712000000|  0%| F|  |TAMS 0x0000000711e00000, 0x0000000711e00000| Untracked 
| 105|0x0000000712000000, 0x0000000712000000, 0x0000000712200000|  0%| F|  |TAMS 0x0000000712000000, 0x0000000712000000| Untracked 
| 106|0x0000000712200000, 0x0000000712200000, 0x0000000712400000|  0%| F|  |TAMS 0x0000000712200000, 0x0000000712200000| Untracked 
| 107|0x0000000712400000, 0x0000000712400000, 0x0000000712600000|  0%| F|  |TAMS 0x0000000712400000, 0x0000000712400000| Untracked 
| 108|0x0000000712600000, 0x0000000712600000, 0x0000000712800000|  0%| F|  |TAMS 0x0000000712600000, 0x0000000712600000| Untracked 
| 109|0x0000000712800000, 0x0000000712800000, 0x0000000712a00000|  0%| F|  |TAMS 0x0000000712800000, 0x0000000712800000| Untracked 
| 110|0x0000000712a00000, 0x0000000712a00000, 0x0000000712c00000|  0%| F|  |TAMS 0x0000000712a00000, 0x0000000712a00000| Untracked 
| 111|0x0000000712c00000, 0x0000000712c00000, 0x0000000712e00000|  0%| F|  |TAMS 0x0000000712c00000, 0x0000000712c00000| Untracked 
| 112|0x0000000712e00000, 0x0000000712e00000, 0x0000000713000000|  0%| F|  |TAMS 0x0000000712e00000, 0x0000000712e00000| Untracked 
| 113|0x0000000713000000, 0x000000071314a040, 0x0000000713200000| 64%| S|CS|TAMS 0x0000000713000000, 0x0000000713000000| Complete 
| 114|0x0000000713200000, 0x0000000713400000, 0x0000000713400000|100%| S|CS|TAMS 0x0000000713200000, 0x0000000713200000| Complete 
| 115|0x0000000713400000, 0x0000000713400000, 0x0000000713600000|  0%| F|  |TAMS 0x0000000713400000, 0x0000000713400000| Untracked 
| 116|0x0000000713600000, 0x0000000713600000, 0x0000000713800000|  0%| F|  |TAMS 0x0000000713600000, 0x0000000713600000| Untracked 
| 117|0x0000000713800000, 0x0000000713800000, 0x0000000713a00000|  0%| F|  |TAMS 0x0000000713800000, 0x0000000713800000| Untracked 
| 118|0x0000000713a00000, 0x0000000713a00000, 0x0000000713c00000|  0%| F|  |TAMS 0x0000000713a00000, 0x0000000713a00000| Untracked 
| 119|0x0000000713c00000, 0x0000000713c00000, 0x0000000713e00000|  0%| F|  |TAMS 0x0000000713c00000, 0x0000000713c00000| Untracked 
| 120|0x0000000713e00000, 0x0000000713fe1ea8, 0x0000000714000000| 94%| E|  |TAMS 0x0000000713e00000, 0x0000000713e00000| Complete 
| 121|0x0000000714000000, 0x0000000714200000, 0x0000000714200000|100%| E|CS|TAMS 0x0000000714000000, 0x0000000714000000| Complete 
| 122|0x0000000714200000, 0x0000000714400000, 0x0000000714400000|100%| E|CS|TAMS 0x0000000714200000, 0x0000000714200000| Complete 
| 123|0x0000000714400000, 0x0000000714600000, 0x0000000714600000|100%| E|CS|TAMS 0x0000000714400000, 0x0000000714400000| Complete 
| 124|0x0000000714600000, 0x0000000714800000, 0x0000000714800000|100%| E|CS|TAMS 0x0000000714600000, 0x0000000714600000| Complete 
| 125|0x0000000714800000, 0x0000000714a00000, 0x0000000714a00000|100%| E|CS|TAMS 0x0000000714800000, 0x0000000714800000| Complete 

Card table byte_map: [0x000001bb73040000,0x000001bb73820000] _byte_map_base: 0x000001bb6f819000

Marking Bits (Prev, Next): (CMBitMap*) 0x000001bb59d0ff80, (CMBitMap*) 0x000001bb59d0ffc0
 Prev Bits: [0x000001bb74000000, 0x000001bb77ec8000)
 Next Bits: [0x000001bb77ed0000, 0x000001bb7bd98000)

Polling page: 0x000001bb59a70000

Metaspace:

Usage:
  Non-class:      6.60 MB used.
      Class:    959.48 KB used.
       Both:      7.54 MB used.

Virtual space:
  Non-class space:       64.00 MB reserved,       6.69 MB ( 10%) committed,  1 nodes.
      Class space:        1.00 GB reserved,       1.06 MB ( <1%) committed,  1 nodes.
             Both:        1.06 GB reserved,       7.75 MB ( <1%) committed. 

Chunk freelists:
   Non-Class:  8.05 MB
       Class:  14.92 MB
        Both:  22.97 MB

MaxMetaspaceSize: unlimited
CompressedClassSpaceSize: 1.00 GB
Initial GC threshold: 21.00 MB
Current GC threshold: 21.00 MB
CDS: on
MetaspaceReclaimPolicy: balanced
 - commit_granule_bytes: 65536.
 - commit_granule_words: 8192.
 - virtual_space_node_default_size: 8388608.
 - enlarge_chunks_in_place: 1.
 - new_chunks_are_fully_committed: 0.
 - uncommit_free_chunks: 1.
 - use_allocation_guard: 0.
 - handle_deallocations: 1.


Internal statistics:

num_allocs_failed_limit: 0.
num_arena_births: 114.
num_arena_deaths: 0.
num_vsnodes_births: 2.
num_vsnodes_deaths: 0.
num_space_committed: 124.
num_space_uncommitted: 0.
num_chunks_returned_to_freelist: 0.
num_chunks_taken_from_freelist: 317.
num_chunk_merges: 0.
num_chunk_splits: 222.
num_chunks_enlarged: 177.
num_inconsistent_stats: 0.

CodeHeap 'non-profiled nmethods': size=120000Kb used=401Kb max_used=401Kb free=119598Kb
 bounds [0x000001bb6a8d0000, 0x000001bb6ab40000, 0x000001bb71e00000]
CodeHeap 'profiled nmethods': size=120000Kb used=1952Kb max_used=1952Kb free=118047Kb
 bounds [0x000001bb62e00000, 0x000001bb63070000, 0x000001bb6a330000]
CodeHeap 'non-nmethods': size=5760Kb used=1238Kb max_used=1256Kb free=4521Kb
 bounds [0x000001bb6a330000, 0x000001bb6a5a0000, 0x000001bb6a8d0000]
 total_blobs=1724 nmethods=1175 adapters=462
 compilation: enabled
              stopped_count=0, restarted_count=0
 full_count=0

Compilation events (20 events):
Event: 1.887 Thread 0x000001bb7e87bee0 1172       3       java.lang.Class::enumConstantDirectory (119 bytes)
Event: 1.889 Thread 0x000001bb7e87bee0 nmethod 1172 0x000001bb62fe6210 code [0x000001bb62fe64e0, 0x000001bb62fe7118]
Event: 1.889 Thread 0x000001bb7e87bee0 1161       3       com.sun.javafx.collections.ObservableListWrapper::get (11 bytes)
Event: 1.889 Thread 0x000001bb7e87bee0 nmethod 1161 0x000001bb62fe7510 code [0x000001bb62fe76c0, 0x000001bb62fe78a8]
Event: 1.889 Thread 0x000001bb7e87bee0 1163       3       com.sun.javafx.css.SelectorPartitioning$PartitionKey::hashCode (29 bytes)
Event: 1.889 Thread 0x000001bb7e87bee0 nmethod 1163 0x000001bb62fe7990 code [0x000001bb62fe7b40, 0x000001bb62fe7d68]
Event: 1.889 Thread 0x000001bb7e87bee0 1171       1       javafx.css.Stylesheet::getStringStore (5 bytes)
Event: 1.889 Thread 0x000001bb7e87bee0 nmethod 1171 0x000001bb6a931810 code [0x000001bb6a9319a0, 0x000001bb6a931a78]
Event: 1.889 Thread 0x000001bb7e87bee0 1173       1       javafx.css.ParsedValue::getConverter (5 bytes)
Event: 1.889 Thread 0x000001bb7e87bee0 nmethod 1173 0x000001bb6a931b10 code [0x000001bb6a931ca0, 0x000001bb6a931d78]
Event: 1.889 Thread 0x000001bb7e87bee0 1174       3       com.sun.javafx.collections.ObservableListWrapper::size (10 bytes)
Event: 1.889 Thread 0x000001bb7e87bee0 nmethod 1174 0x000001bb62fe7e90 code [0x000001bb62fe8040, 0x000001bb62fe8228]
Event: 1.889 Thread 0x000001bb7e87bee0 1164       1       javafx.css.SimpleSelector::getId (5 bytes)
Event: 1.890 Thread 0x000001bb7e87bee0 nmethod 1164 0x000001bb6a931e10 code [0x000001bb6a931fa0, 0x000001bb6a932078]
Event: 1.890 Thread 0x000001bb7e87bee0 1165       1       javafx.css.SimpleSelector::getName (5 bytes)
Event: 1.890 Thread 0x000001bb7e87bee0 nmethod 1165 0x000001bb6a932110 code [0x000001bb6a9322a0, 0x000001bb6a932378]
Event: 1.890 Thread 0x000001bb7e87bee0 1166       1       javafx.css.SimpleSelector::getStyleClassSet (5 bytes)
Event: 1.890 Thread 0x000001bb7e87bee0 nmethod 1166 0x000001bb6a932410 code [0x000001bb6a9325a0, 0x000001bb6a932678]
Event: 1.890 Thread 0x000001bb7e87bee0 1167       1       javafx.css.Selector::setOrdinal (6 bytes)
Event: 1.890 Thread 0x000001bb7e87bee0 nmethod 1167 0x000001bb6a932710 code [0x000001bb6a9328a0, 0x000001bb6a932978]

GC Heap History (2 events):
Event: 1.519 GC heap before
{Heap before GC invocations=0 (full 0):
 garbage-first heap   total 258048K, used 20480K [0x0000000704e00000, 0x0000000800000000)
  region size 2048K, 11 young (22528K), 0 survivors (0K)
 Metaspace       used 4346K, committed 4544K, reserved 1114112K
  class space    used 497K, committed 576K, reserved 1048576K
}
Event: 1.523 GC heap after
{Heap after GC invocations=1 (full 0):
 garbage-first heap   total 258048K, used 3368K [0x0000000704e00000, 0x0000000800000000)
  region size 2048K, 2 young (4096K), 2 survivors (4096K)
 Metaspace       used 4346K, committed 4544K, reserved 1114112K
  class space    used 497K, committed 576K, reserved 1048576K
}

Deoptimization events (20 events):
Event: 1.757 Thread 0x000001bb45512e70 Uncommon trap: trap_request=0xffffff45 fr.pc=0x000001bb6a8dcc38 relative=0x0000000000000038
Event: 1.757 Thread 0x000001bb45512e70 Uncommon trap: reason=unstable_if action=reinterpret pc=0x000001bb6a8dcc38 method=java.lang.StringLatin1.canEncode(I)Z @ 4 c2
Event: 1.757 Thread 0x000001bb45512e70 DEOPT PACKING pc=0x000001bb6a8dcc38 sp=0x0000006e565fb350
Event: 1.757 Thread 0x000001bb45512e70 DEOPT UNPACKING pc=0x000001bb6a3823a3 sp=0x0000006e565fb2e0 mode 2
Event: 1.857 Thread 0x000001bb45512e70 Uncommon trap: trap_request=0xffffffde fr.pc=0x000001bb6a92e804 relative=0x00000000000004c4
Event: 1.857 Thread 0x000001bb45512e70 Uncommon trap: reason=class_check action=maybe_recompile pc=0x000001bb6a92e804 method=java.io.DataInputStream.readShort()S @ 4 c2
Event: 1.857 Thread 0x000001bb45512e70 DEOPT PACKING pc=0x000001bb6a92e804 sp=0x0000006e565fc6f0
Event: 1.857 Thread 0x000001bb45512e70 DEOPT UNPACKING pc=0x000001bb6a3823a3 sp=0x0000006e565fc6b0 mode 2
Event: 1.859 Thread 0x000001bb45512e70 Uncommon trap: trap_request=0xffffffde fr.pc=0x000001bb6a92e804 relative=0x00000000000004c4
Event: 1.859 Thread 0x000001bb45512e70 Uncommon trap: reason=class_check action=maybe_recompile pc=0x000001bb6a92e804 method=java.io.DataInputStream.readShort()S @ 4 c2
Event: 1.859 Thread 0x000001bb45512e70 DEOPT PACKING pc=0x000001bb6a92e804 sp=0x0000006e565fc660
Event: 1.859 Thread 0x000001bb45512e70 DEOPT UNPACKING pc=0x000001bb6a3823a3 sp=0x0000006e565fc620 mode 2
Event: 1.873 Thread 0x000001bb45512e70 Uncommon trap: trap_request=0xffffffde fr.pc=0x000001bb6a92e804 relative=0x00000000000004c4
Event: 1.873 Thread 0x000001bb45512e70 Uncommon trap: reason=class_check action=maybe_recompile pc=0x000001bb6a92e804 method=java.io.DataInputStream.readShort()S @ 4 c2
Event: 1.873 Thread 0x000001bb45512e70 DEOPT PACKING pc=0x000001bb6a92e804 sp=0x0000006e565fc660
Event: 1.873 Thread 0x000001bb45512e70 DEOPT UNPACKING pc=0x000001bb6a3823a3 sp=0x0000006e565fc620 mode 2
Event: 1.873 Thread 0x000001bb45512e70 Uncommon trap: trap_request=0xffffffde fr.pc=0x000001bb6a92e804 relative=0x00000000000004c4
Event: 1.873 Thread 0x000001bb45512e70 Uncommon trap: reason=class_check action=maybe_recompile pc=0x000001bb6a92e804 method=java.io.DataInputStream.readShort()S @ 4 c2
Event: 1.873 Thread 0x000001bb45512e70 DEOPT PACKING pc=0x000001bb6a92e804 sp=0x0000006e565fc510
Event: 1.873 Thread 0x000001bb45512e70 DEOPT UNPACKING pc=0x000001bb6a3823a3 sp=0x0000006e565fc4d0 mode 2

Classes unloaded (0 events):
No events

Classes redefined (0 events):
No events

Internal exceptions (16 events):
Event: 0.353 Thread 0x000001bb59ca2390 Exception <a 'java/lang/NoSuchMethodError'{0x00000007142f5f38}: 'java.lang.Object java.lang.invoke.DirectMethodHandle$Holder.invokeStaticInit(java.lang.Object)'> (0x00000007142f5f38) 
thrown [s\open\src\hotspot\share\interpreter\linkResolver.cpp, line 759]
Event: 0.360 Thread 0x000001bb59ca2390 Exception <a 'java/lang/NoSuchMethodError'{0x00000007142fdb28}: 'void java.lang.invoke.DirectMethodHandle$Holder.invokeStatic(java.lang.Object, java.lang.Object)'> (0x00000007142fdb28) 
thrown [s\open\src\hotspot\share\interpreter\linkResolver.cpp, line 759]
Event: 0.932 Thread 0x000001bb59ca2390 Exception <a 'java/lang/NoSuchMethodError'{0x0000000713ccb878}: 'void java.lang.invoke.DirectMethodHandle$Holder.invokeSpecial(java.lang.Object, java.lang.Object, java.lang.Object)'> (0x0000000713ccb878) 
thrown [s\open\src\hotspot\share\interpreter\linkResolver.cpp, line 759]
Event: 0.945 Thread 0x000001bb59ca2390 Exception <a 'java/lang/NoSuchMethodError'{0x0000000713d040d8}: 'void java.lang.invoke.DirectMethodHandle$Holder.invokeStatic(java.lang.Object, java.lang.Object, java.lang.Object)'> (0x0000000713d040d8) 
thrown [s\open\src\hotspot\share\interpreter\linkResolver.cpp, line 759]
Event: 1.133 Thread 0x000001bb59ca2390 Exception <a 'java/lang/NoSuchMethodError'{0x0000000713d20b88}: 'int java.lang.invoke.DirectMethodHandle$Holder.invokeStaticInit(java.lang.Object, java.lang.Object, java.lang.Object)'> (0x0000000713d20b88) 
thrown [s\open\src\hotspot\share\interpreter\linkResolver.cpp, line 759]
Event: 1.175 Thread 0x000001bb59ca2390 Exception <a 'java/lang/NoSuchMethodError'{0x0000000713a52d00}: 'java.lang.Object java.lang.invoke.DirectMethodHandle$Holder.newInvokeSpecial(java.lang.Object, java.lang.Object, int, java.lang.Object)'> (0x0000000713a52d00) 
thrown [s\open\src\hotspot\share\interpreter\linkResolver.cpp, line 759]
Event: 1.175 Thread 0x000001bb59ca2390 Exception <a 'java/lang/NoSuchMethodError'{0x0000000713a570e0}: 'java.lang.Object java.lang.invoke.DirectMethodHandle$Holder.invokeSpecial(java.lang.Object, java.lang.Object, java.lang.Object, int, java.lang.Object)'> (0x0000000713a570e0) 
thrown [s\open\src\hotspot\share\interpreter\linkResolver.cpp, line 759]
Event: 1.414 Thread 0x000001bb45512e70 Exception <a 'java/lang/NoSuchMethodError'{0x00000007139153e0}: 'void java.lang.invoke.DirectMethodHandle$Holder.invokeStaticInit(java.lang.Object)'> (0x00000007139153e0) 
thrown [s\open\src\hotspot\share\interpreter\linkResolver.cpp, line 759]
Event: 1.420 Thread 0x000001bb59ca2390 Exception <a 'java/lang/NoSuchMethodError'{0x0000000713a6c1b8}: 'java.lang.Object java.lang.invoke.DirectMethodHandle$Holder.newInvokeSpecial(java.lang.Object, java.lang.Object, java.lang.Object, java.lang.Object, java.lang.Object, java.lang.Object)'> (0x0000000713a6c1b8) 
thrown [s\open\src\hotspot\share\interpreter\linkResolver.cpp, line 759]
Event: 1.436 Thread 0x000001bb59ca2390 Exception <a 'java/lang/NoSuchMethodError'{0x00000007139ec398}: 'java.lang.Object java.lang.invoke.DirectMethodHandle$Holder.newInvokeSpecial(java.lang.Object, java.lang.Object, java.lang.Object, java.lang.Object, java.lang.Object)'> (0x00000007139ec398) 
thrown [s\open\src\hotspot\share\interpreter\linkResolver.cpp, line 759]
Event: 1.439 Thread 0x000001bb45993ff0 Exception <a 'java/lang/NoSuchMethodError'{0x0000000713604290}: 'void java.lang.invoke.DirectMethodHandle$Holder.invokeStatic(java.lang.Object, java.lang.Object, java.lang.Object, java.lang.Object)'> (0x0000000713604290) 
thrown [s\open\src\hotspot\share\interpreter\linkResolver.cpp, line 759]
Event: 1.652 Thread 0x000001bb45512e70 Exception <a 'java/lang/NoSuchMethodError'{0x0000000714490968}: 'java.lang.Object java.lang.invoke.DirectMethodHandle$Holder.invokeStaticInit(java.lang.Object, java.lang.Object, java.lang.Object, java.lang.Object)'> (0x0000000714490968) 
thrown [s\open\src\hotspot\share\interpreter\linkResolver.cpp, line 759]
Event: 1.654 Thread 0x000001bb45512e70 Exception <a 'java/lang/NullPointerException'{0x000000071449c610}> (0x000000071449c610) 
thrown [s\open\src\hotspot\share\interpreter\linkResolver.cpp, line 1350]
Event: 1.762 Thread 0x000001bb45512e70 Exception <a 'java/lang/ClassNotFoundException'{0x000000071439b8a0}: com/sun/glass/ui/win/themes> (0x000000071439b8a0) 
thrown [s\open\src\hotspot\share\prims\jni.cpp, line 535]
Event: 1.766 Thread 0x000001bb45512e70 Exception <a 'java/lang/ClassNotFoundException'{0x00000007143a7b50}: com/sun/glass/ui/win/themes_fr> (0x00000007143a7b50) 
thrown [s\open\src\hotspot\share\prims\jni.cpp, line 535]
Event: 1.767 Thread 0x000001bb45512e70 Exception <a 'java/lang/ClassNotFoundException'{0x00000007143afc18}: com/sun/glass/ui/win/themes_fr_FR> (0x00000007143afc18) 
thrown [s\open\src\hotspot\share\prims\jni.cpp, line 535]

VM Operations (12 events):
Event: 0.240 Executing VM operation: HandshakeAllThreads
Event: 0.240 Executing VM operation: HandshakeAllThreads done
Event: 0.298 Executing VM operation: HandshakeAllThreads
Event: 0.298 Executing VM operation: HandshakeAllThreads done
Event: 1.152 Executing VM operation: HandshakeAllThreads
Event: 1.152 Executing VM operation: HandshakeAllThreads done
Event: 1.152 Executing VM operation: Cleanup
Event: 1.152 Executing VM operation: Cleanup done
Event: 1.519 Executing VM operation: G1CollectForAllocation
Event: 1.523 Executing VM operation: G1CollectForAllocation done
Event: 1.818 Executing VM operation: HandshakeAllThreads
Event: 1.818 Executing VM operation: HandshakeAllThreads done

Events (20 events):
Event: 1.817 loading class sun/net/www/protocol/jar/JarURLConnection done
Event: 1.817 loading class sun/net/www/protocol/jar/JarFileFactory
Event: 1.817 loading class sun/net/www/protocol/jar/URLJarFile$URLJarFileCloseController
Event: 1.818 loading class sun/net/www/protocol/jar/URLJarFile$URLJarFileCloseController done
Event: 1.818 loading class sun/net/www/protocol/jar/JarFileFactory done
Event: 1.818 loading class sun/net/www/protocol/jar/URLJarFile
Event: 1.818 loading class sun/net/www/protocol/jar/URLJarFile done
Event: 1.819 loading class sun/net/www/protocol/jar/URLJarFile$URLJarFileEntry
Event: 1.819 loading class sun/net/www/protocol/jar/URLJarFile$URLJarFileEntry done
Event: 1.819 loading class sun/net/www/protocol/jar/JarURLConnection$JarURLInputStream
Event: 1.819 loading class sun/net/www/protocol/jar/JarURLConnection$JarURLInputStream done
Event: 1.839 Thread 0x000001bb45b46300 Thread added: 0x000001bb45b46300
Event: 1.850 loading class java/util/AbstractList$RandomAccessSubList
Event: 1.850 loading class java/util/AbstractList$SubList
Event: 1.851 loading class java/util/AbstractList$SubList done
Event: 1.851 loading class java/util/AbstractList$RandomAccessSubList done
Event: 1.851 loading class java/util/AbstractList$SubList$1
Event: 1.851 loading class java/util/AbstractList$SubList$1 done
Event: 1.851 loading class java/util/AbstractList$ListItr
Event: 1.852 loading class java/util/AbstractList$ListItr done


Dynamic libraries:
0x00007ff67dc20000 - 0x00007ff67dc30000 	C:\Program Files\Java\jdk-17\bin\java.exe
0x00007ffdb0f20000 - 0x00007ffdb1189000 	C:\WINDOWS\SYSTEM32\ntdll.dll
0x00007ffdaee00000 - 0x00007ffdaeec9000 	C:\WINDOWS\System32\KERNEL32.DLL
0x00007ffdae300000 - 0x00007ffdae6f3000 	C:\WINDOWS\System32\KERNELBASE.dll
0x00007ffdaeba0000 - 0x00007ffdaeceb000 	C:\WINDOWS\System32\ucrtbase.dll
0x00007ffda8690000 - 0x00007ffda86ab000 	C:\Program Files\Java\jdk-17\bin\VCRUNTIME140.dll
0x00007ffda8780000 - 0x00007ffda8799000 	C:\Program Files\Java\jdk-17\bin\jli.dll
0x00007ffdb05f0000 - 0x00007ffdb06a4000 	C:\WINDOWS\System32\ADVAPI32.dll
0x00007ffdb02d0000 - 0x00007ffdb0379000 	C:\WINDOWS\System32\msvcrt.dll
0x00007ffdaf780000 - 0x00007ffdaf826000 	C:\WINDOWS\System32\sechost.dll
0x00007ffdb0770000 - 0x00007ffdb0888000 	C:\WINDOWS\System32\RPCRT4.dll
0x00007ffdb0100000 - 0x00007ffdb02c4000 	C:\WINDOWS\System32\USER32.dll
0x00007ffd91540000 - 0x00007ffd917d3000 	C:\WINDOWS\WinSxS\amd64_microsoft.windows.common-controls_6595b64144ccf1df_6.0.26100.5074_none_3e0d6f78e32fd63f\COMCTL32.dll
0x00007ffdaeed0000 - 0x00007ffdaeefb000 	C:\WINDOWS\System32\GDI32.dll
0x00007ffdae150000 - 0x00007ffdae177000 	C:\WINDOWS\System32\win32u.dll
0x00007ffdae700000 - 0x00007ffdae82d000 	C:\WINDOWS\System32\gdi32full.dll
0x00007ffdaeaf0000 - 0x00007ffdaeb93000 	C:\WINDOWS\System32\msvcp_win.dll
0x00007ffd8de70000 - 0x00007ffd8de7b000 	C:\WINDOWS\SYSTEM32\VERSION.dll
0x00007ffdaefe0000 - 0x00007ffdaf00f000 	C:\WINDOWS\System32\IMM32.DLL
0x00007ffdaac90000 - 0x00007ffdaac9c000 	C:\Program Files\Java\jdk-17\bin\vcruntime140_1.dll
0x00007ffd60180000 - 0x00007ffd6020e000 	C:\Program Files\Java\jdk-17\bin\msvcp140.dll
0x00007ffcac360000 - 0x00007ffcacf40000 	C:\Program Files\Java\jdk-17\bin\server\jvm.dll
0x00007ffdaf6f0000 - 0x00007ffdaf6f8000 	C:\WINDOWS\System32\PSAPI.DLL
0x00007ffda88e0000 - 0x00007ffda8915000 	C:\WINDOWS\SYSTEM32\WINMM.dll
0x00007ffd9cb10000 - 0x00007ffd9cb1a000 	C:\WINDOWS\SYSTEM32\WSOCK32.dll
0x00007ffdaf830000 - 0x00007ffdaf8a4000 	C:\WINDOWS\System32\WS2_32.dll
0x00007ffdace50000 - 0x00007ffdace6b000 	C:\WINDOWS\SYSTEM32\kernel.appcore.dll
0x00007ffd9edb0000 - 0x00007ffd9edba000 	C:\Program Files\Java\jdk-17\bin\jimage.dll
0x00007ffdab240000 - 0x00007ffdab482000 	C:\WINDOWS\SYSTEM32\DBGHELP.DLL
0x00007ffdaf370000 - 0x00007ffdaf6eb000 	C:\WINDOWS\System32\combase.dll
0x00007ffdaef00000 - 0x00007ffdaefd7000 	C:\WINDOWS\System32\OLEAUT32.dll
0x00007ffd88a10000 - 0x00007ffd88a4d000 	C:\WINDOWS\SYSTEM32\dbgcore.DLL
0x00007ffdae0b0000 - 0x00007ffdae149000 	C:\WINDOWS\System32\bcryptPrimitives.dll
0x00007ffd98200000 - 0x00007ffd98225000 	C:\Program Files\Java\jdk-17\bin\java.dll
0x00007ffd600a0000 - 0x00007ffd60177000 	C:\Program Files\Java\jdk-17\bin\jsvml.dll
0x00007ffdaf9b0000 - 0x00007ffdb00fd000 	C:\WINDOWS\System32\SHELL32.dll
0x00007ffdae980000 - 0x00007ffdaeaec000 	C:\WINDOWS\System32\wintypes.dll
0x00007ffdabcd0000 - 0x00007ffdac529000 	C:\WINDOWS\SYSTEM32\windows.storage.dll
0x00007ffdaf8b0000 - 0x00007ffdaf9a0000 	C:\WINDOWS\System32\SHCORE.dll
0x00007ffdb0580000 - 0x00007ffdb05e2000 	C:\WINDOWS\System32\shlwapi.dll
0x00007ffdadfd0000 - 0x00007ffdadff9000 	C:\WINDOWS\SYSTEM32\profapi.dll
0x00007ffd9ca40000 - 0x00007ffd9ca59000 	C:\Program Files\Java\jdk-17\bin\net.dll
0x00007ffda5290000 - 0x00007ffda53af000 	C:\WINDOWS\SYSTEM32\WINHTTP.dll
0x00007ffdad3b0000 - 0x00007ffdad41b000 	C:\WINDOWS\system32\mswsock.dll
0x00007ffd99310000 - 0x00007ffd99326000 	C:\Program Files\Java\jdk-17\bin\nio.dll
0x00007ffd9cac0000 - 0x00007ffd9cad8000 	C:\Program Files\Java\jdk-17\bin\zip.dll
0x000001bb59d90000 - 0x000001bb59d93000 	C:\Users\DELL\.openjfx\cache\17\api-ms-win-core-console-l1-1-0.dll
0x000001bb59e40000 - 0x000001bb59e43000 	C:\Users\DELL\.openjfx\cache\17\api-ms-win-core-console-l1-2-0.dll
0x000001bb59e50000 - 0x000001bb59e53000 	C:\Users\DELL\.openjfx\cache\17\api-ms-win-core-datetime-l1-1-0.dll
0x000001bb7f590000 - 0x000001bb7f593000 	C:\Users\DELL\.openjfx\cache\17\api-ms-win-core-debug-l1-1-0.dll
0x000001bb7f5a0000 - 0x000001bb7f5a3000 	C:\Users\DELL\.openjfx\cache\17\api-ms-win-core-errorhandling-l1-1-0.dll
0x000001bb7f5b0000 - 0x000001bb7f5b4000 	C:\Users\DELL\.openjfx\cache\17\api-ms-win-core-file-l1-1-0.dll
0x000001bb7f5c0000 - 0x000001bb7f5c3000 	C:\Users\DELL\.openjfx\cache\17\api-ms-win-core-file-l1-2-0.dll
0x000001bb7f5d0000 - 0x000001bb7f5d3000 	C:\Users\DELL\.openjfx\cache\17\api-ms-win-core-file-l2-1-0.dll
0x000001bb7f5e0000 - 0x000001bb7f5e3000 	C:\Users\DELL\.openjfx\cache\17\api-ms-win-core-handle-l1-1-0.dll
0x000001bb7f5f0000 - 0x000001bb7f5f3000 	C:\Users\DELL\.openjfx\cache\17\api-ms-win-core-heap-l1-1-0.dll
0x000001bb7f600000 - 0x000001bb7f603000 	C:\Users\DELL\.openjfx\cache\17\api-ms-win-core-interlocked-l1-1-0.dll
0x000001bb7f610000 - 0x000001bb7f613000 	C:\Users\DELL\.openjfx\cache\17\api-ms-win-core-libraryloader-l1-1-0.dll
0x000001bb7f620000 - 0x000001bb7f623000 	C:\Users\DELL\.openjfx\cache\17\api-ms-win-core-localization-l1-2-0.dll
0x000001bb7f630000 - 0x000001bb7f633000 	C:\Users\DELL\.openjfx\cache\17\api-ms-win-core-memory-l1-1-0.dll
0x000001bb7f640000 - 0x000001bb7f643000 	C:\Users\DELL\.openjfx\cache\17\api-ms-win-core-namedpipe-l1-1-0.dll
0x000001bb7f650000 - 0x000001bb7f653000 	C:\Users\DELL\.openjfx\cache\17\api-ms-win-core-processenvironment-l1-1-0.dll
0x000001bb7f660000 - 0x000001bb7f663000 	C:\Users\DELL\.openjfx\cache\17\api-ms-win-core-processthreads-l1-1-0.dll
0x000001bb7f670000 - 0x000001bb7f673000 	C:\Users\DELL\.openjfx\cache\17\api-ms-win-core-processthreads-l1-1-1.dll
0x000001bb7f680000 - 0x000001bb7f683000 	C:\Users\DELL\.openjfx\cache\17\api-ms-win-core-profile-l1-1-0.dll
0x000001bb7f690000 - 0x000001bb7f693000 	C:\Users\DELL\.openjfx\cache\17\api-ms-win-core-rtlsupport-l1-1-0.dll
0x000001bb7f6a0000 - 0x000001bb7f6a3000 	C:\Users\DELL\.openjfx\cache\17\api-ms-win-core-string-l1-1-0.dll
0x000001bb7f6b0000 - 0x000001bb7f6b3000 	C:\Users\DELL\.openjfx\cache\17\api-ms-win-core-synch-l1-1-0.dll
0x000001bb7f6c0000 - 0x000001bb7f6c3000 	C:\Users\DELL\.openjfx\cache\17\api-ms-win-core-synch-l1-2-0.dll
0x000001bb7f6d0000 - 0x000001bb7f6d3000 	C:\Users\DELL\.openjfx\cache\17\api-ms-win-core-sysinfo-l1-1-0.dll
0x000001bb7f6e0000 - 0x000001bb7f6e3000 	C:\Users\DELL\.openjfx\cache\17\api-ms-win-core-timezone-l1-1-0.dll
0x000001bb7f6f0000 - 0x000001bb7f6f3000 	C:\Users\DELL\.openjfx\cache\17\api-ms-win-core-util-l1-1-0.dll
0x000001bb7f700000 - 0x000001bb7f703000 	C:\Users\DELL\.openjfx\cache\17\api-ms-win-crt-conio-l1-1-0.dll
0x000001bb7f710000 - 0x000001bb7f714000 	C:\Users\DELL\.openjfx\cache\17\api-ms-win-crt-convert-l1-1-0.dll
0x000001bb7f720000 - 0x000001bb7f723000 	C:\Users\DELL\.openjfx\cache\17\api-ms-win-crt-environment-l1-1-0.dll
0x000001bb7f730000 - 0x000001bb7f733000 	C:\Users\DELL\.openjfx\cache\17\api-ms-win-crt-filesystem-l1-1-0.dll
0x000001bb7f740000 - 0x000001bb7f743000 	C:\Users\DELL\.openjfx\cache\17\api-ms-win-crt-heap-l1-1-0.dll
0x000001bb7f750000 - 0x000001bb7f753000 	C:\Users\DELL\.openjfx\cache\17\api-ms-win-crt-locale-l1-1-0.dll
0x000001bb7f760000 - 0x000001bb7f765000 	C:\Users\DELL\.openjfx\cache\17\api-ms-win-crt-math-l1-1-0.dll
0x000001bb7f770000 - 0x000001bb7f775000 	C:\Users\DELL\.openjfx\cache\17\api-ms-win-crt-multibyte-l1-1-0.dll
0x000001bb7f780000 - 0x000001bb7f790000 	C:\Users\DELL\.openjfx\cache\17\api-ms-win-crt-private-l1-1-0.dll
0x000001bb7f790000 - 0x000001bb7f793000 	C:\Users\DELL\.openjfx\cache\17\api-ms-win-crt-process-l1-1-0.dll
0x000001bb7f7a0000 - 0x000001bb7f7a4000 	C:\Users\DELL\.openjfx\cache\17\api-ms-win-crt-runtime-l1-1-0.dll
0x000001bb7f7b0000 - 0x000001bb7f7b4000 	C:\Users\DELL\.openjfx\cache\17\api-ms-win-crt-stdio-l1-1-0.dll
0x000001bb7f7c0000 - 0x000001bb7f7c4000 	C:\Users\DELL\.openjfx\cache\17\api-ms-win-crt-string-l1-1-0.dll
0x000001bb7f7d0000 - 0x000001bb7f7d3000 	C:\Users\DELL\.openjfx\cache\17\api-ms-win-crt-time-l1-1-0.dll
0x000001bb7f7e0000 - 0x000001bb7f7e3000 	C:\Users\DELL\.openjfx\cache\17\api-ms-win-crt-utility-l1-1-0.dll
0x00007ffd5ff00000 - 0x00007ffd5fffc000 	C:\Users\DELL\.openjfx\cache\17\ucrtbase.dll
0x00007ffd97f90000 - 0x00007ffd97faa000 	C:\Users\DELL\.openjfx\cache\17\vcruntime140.dll
0x00007ffd98070000 - 0x00007ffd9807c000 	C:\Users\DELL\.openjfx\cache\17\vcruntime140_1.dll
0x00007ffd5fe70000 - 0x00007ffd5fefd000 	C:\Users\DELL\.openjfx\cache\17\msvcp140.dll
0x00007ffd60070000 - 0x00007ffd6009a000 	C:\Users\DELL\.openjfx\cache\17\prism_d3d.dll
0x00007ffd5e450000 - 0x00007ffd5e601000 	C:\WINDOWS\system32\d3d9.dll
0x00007ffdab0f0000 - 0x00007ffdab11b000 	C:\WINDOWS\SYSTEM32\dwmapi.dll
0x00007ffdab1f0000 - 0x00007ffdab234000 	C:\WINDOWS\SYSTEM32\dxcore.dll
0x00007ffdaae80000 - 0x00007ffdaaf28000 	C:\WINDOWS\system32\uxtheme.dll
0x00007ffd46180000 - 0x00007ffd4641f000 	C:\WINDOWS\System32\DriverStore\FileRepository\iigd_dch.inf_amd64_b20bdb7dfb36a7ef\igdumdim64.dll
0x00007ffdaf1d0000 - 0x00007ffdaf368000 	C:\WINDOWS\System32\ole32.dll
0x00007ffce3520000 - 0x00007ffce51ba000 	C:\WINDOWS\System32\DriverStore\FileRepository\iigd_dch.inf_amd64_b20bdb7dfb36a7ef\igd9trinity64.dll
0x00007ffdaaf60000 - 0x00007ffdab09a000 	C:\WINDOWS\system32\dxgi.dll
0x00007ffdadf00000 - 0x00007ffdadf5e000 	C:\WINDOWS\SYSTEM32\powrprof.dll
0x00007ffdadee0000 - 0x00007ffdadef4000 	C:\WINDOWS\SYSTEM32\UMPDC.dll
0x00007ffda4c80000 - 0x00007ffda522b000 	C:\WINDOWS\System32\DriverStore\FileRepository\iigd_dch.inf_amd64_b20bdb7dfb36a7ef\igdgmm64.dll
0x00007ffd9f8c0000 - 0x00007ffda4b74000 	C:\WINDOWS\System32\DriverStore\FileRepository\iigd_dch.inf_amd64_b20bdb7dfb36a7ef\igc64.dll
0x00007ffd79980000 - 0x00007ffd799ce000 	C:\WINDOWS\SYSTEM32\ControlLib.dll
0x00007ffdadc60000 - 0x00007ffdadcb7000 	C:\WINDOWS\SYSTEM32\CFGMGR32.dll
0x00007ffd798d0000 - 0x00007ffd7997f000 	C:\WINDOWS\System32\DriverStore\FileRepository\iigd_dch.inf_amd64_b20bdb7dfb36a7ef\IntelControlLib.dll
0x00007ffda9ff0000 - 0x00007ffdaa250000 	C:\WINDOWS\SYSTEM32\d3d11.dll
0x00007ffda8220000 - 0x00007ffda8280000 	C:\WINDOWS\SYSTEM32\directxdatabasehelper.dll
0x00007ffcdc5e0000 - 0x00007ffcddd4b000 	C:\WINDOWS\System32\DriverStore\FileRepository\iigd_dch.inf_amd64_b20bdb7dfb36a7ef\igd9dxva64.dll
0x00007ffdb0a50000 - 0x00007ffdb0ed7000 	C:\WINDOWS\System32\SETUPAPI.dll
0x00007ffd92920000 - 0x00007ffd949f3000 	C:\WINDOWS\System32\DriverStore\FileRepository\iigd_dch.inf_amd64_b20bdb7dfb36a7ef\media_bin_64.dll
0x00007ffd5fb40000 - 0x00007ffd5fb82000 	C:\Users\DELL\.openjfx\cache\17\glass.dll
0x00007ffdaf070000 - 0x00007ffdaf161000 	C:\WINDOWS\System32\COMDLG32.dll
0x00007ffdb0890000 - 0x00007ffdb09e8000 	C:\WINDOWS\System32\MSCTF.dll
0x00007ffd58ae0000 - 0x00007ffd58c81000 	C:\WINDOWS\System32\DriverStore\FileRepository\iigd_dch.inf_amd64_b20bdb7dfb36a7ef\igdml64.dll
0x00007ffda8750000 - 0x00007ffda8778000 	C:\WINDOWS\System32\DriverStore\FileRepository\iigd_dch.inf_amd64_b20bdb7dfb36a7ef\igdinfo64.dll
0x00007ffd97f00000 - 0x00007ffd97f14000 	C:\Users\DELL\.openjfx\cache\17\javafx_font.dll

dbghelp: loaded successfully - version: 4.0.5 - missing functions: none
symbol engine: initialized successfully - sym options: 0x614 - pdb path: .;C:\Program Files\Java\jdk-17\bin;C:\WINDOWS\SYSTEM32;C:\WINDOWS\WinSxS\amd64_microsoft.windows.common-controls_6595b64144ccf1df_6.0.26100.5074_none_3e0d6f78e32fd63f;C:\Program Files\Java\jdk-17\bin\server;C:\Users\DELL\.openjfx\cache\17;C:\WINDOWS\System32\DriverStore\FileRepository\iigd_dch.inf_amd64_b20bdb7dfb36a7ef

VM Arguments:
jvm_args: --module-path=C:\Users\DELL\.m2\repository\org\openjfx\javafx-base\17\javafx-base-17-win.jar;C:\Users\DELL\.m2\repository\org\openjfx\javafx-base\17\javafx-base-17.jar;C:\Users\DELL\.m2\repository\org\openjfx\javafx-controls\17\javafx-controls-17-win.jar;C:\Users\DELL\.m2\repository\org\openjfx\javafx-controls\17\javafx-controls-17.jar;C:\Users\DELL\.m2\repository\org\openjfx\javafx-fxml\17\javafx-fxml-17-win.jar;C:\Users\DELL\.m2\repository\org\openjfx\javafx-fxml\17\javafx-fxml-17.jar;C:\Users\DELL\.m2\repository\org\openjfx\javafx-graphics\17\javafx-graphics-17-win.jar;C:\Users\DELL\.m2\repository\org\openjfx\javafx-graphics\17\javafx-graphics-17.jar --add-modules=javafx.base,javafx.base,javafx.controls,javafx.controls,javafx.fxml,javafx.fxml,javafx.graphics,javafx.graphics 
java_command: ma.refuge.MainApp
java_class_path (initial): D:\ManagementRefuge-\target\classes;C:\Users\DELL\.m2\repository\antlr\antlr\2.7.7\antlr-2.7.7.jar;C:\Users\DELL\.m2\repository\com\fasterxml\classmate\1.5.1\classmate-1.5.1.jar;C:\Users\DELL\.m2\repository\com\google\protobuf\protobuf-java\3.21.9\protobuf-java-3.21.9.jar;C:\Users\DELL\.m2\repository\com\mysql\mysql-connector-j\8.0.33\mysql-connector-j-8.0.33.jar;C:\Users\DELL\.m2\repository\com\sun\istack\istack-commons-runtime\3.0.7\istack-commons-runtime-3.0.7.jar;C:\Users\DELL\.m2\repository\com\sun\xml\fastinfoset\FastInfoset\1.2.15\FastInfoset-1.2.15.jar;C:\Users\DELL\.m2\repository\javax\activation\javax.activation-api\1.2.0\javax.activation-api-1.2.0.jar;C:\Users\DELL\.m2\repository\javax\persistence\javax.persistence-api\2.2\javax.persistence-api-2.2.jar;C:\Users\DELL\.m2\repository\javax\xml\bind\jaxb-api\2.3.1\jaxb-api-2.3.1.jar;C:\Users\DELL\.m2\repository\net\bytebuddy\byte-buddy\1.12.18\byte-buddy-1.12.18.jar;C:\Users\DELL\.m2\repository\org\glassfish\jaxb\jaxb-runtime\2.3.1\jaxb-runtime-2.3.1.jar;C:\Users\DELL\.m2\repository\org\glassfish\jaxb\txw2\2.3.1\txw2-2.3.1.jar;C:\Users\DELL\.m2\repository\org\hibernate\hibernate-core\5.6.15.Final\hibernate-core-5.6.15.Final.jar;C:\Users\DELL\.m2\repository\org\hibernate\common\hibernate-commons-annotations\5.1.2.Final\hibernate-commons-annotations-5.1.2.Final.jar;C:\Users\DELL\.m2\repository\org\jboss\jandex\2.4.2.Final\jandex-2.4.2.Final.jar;C:\Users\DELL\.m2\repository\org\jboss\logging\jboss-logging\3.4.3.Final\jboss-logging-3.4.3.Final.jar;C:\Users\DELL\.m2\repository\org\jboss\spec\javax\transaction\jboss-transaction-api_1.2_spec\1.1.1.Final\jboss-transaction-api_1.2_spec-1.1.1.Final.jar;C:\Users\DELL\.m2\repository\org\jvnet\staxex\stax-ex\1.8\stax-ex-1.8.jar
Launcher Type: SUN_STANDARD

[Global flags]
     intx CICompilerCount                          = 4                                         {product} {ergonomic}
     uint ConcGCThreads                            = 2                                         {product} {ergonomic}
     uint G1ConcRefinementThreads                  = 8                                         {product} {ergonomic}
   size_t G1HeapRegionSize                         = 2097152                                   {product} {ergonomic}
    uintx GCDrainStackTargetSize                   = 64                                        {product} {ergonomic}
   size_t InitialHeapSize                          = 264241152                                 {product} {ergonomic}
   size_t MarkStackSize                            = 4194304                                   {product} {ergonomic}
   size_t MaxHeapSize                              = 4213178368                                {product} {ergonomic}
   size_t MaxNewSize                               = 2527068160                                {product} {ergonomic}
   size_t MinHeapDeltaBytes                        = 2097152                                   {product} {ergonomic}
   size_t MinHeapSize                              = 8388608                                   {product} {ergonomic}
    uintx NonNMethodCodeHeapSize                   = 5839372                                {pd product} {ergonomic}
    uintx NonProfiledCodeHeapSize                  = 122909434                              {pd product} {ergonomic}
    uintx ProfiledCodeHeapSize                     = 122909434                              {pd product} {ergonomic}
    uintx ReservedCodeCacheSize                    = 251658240                              {pd product} {ergonomic}
     bool SegmentedCodeCache                       = true                                      {product} {ergonomic}
   size_t SoftMaxHeapSize                          = 4213178368                             {manageable} {ergonomic}
     bool UseCompressedClassPointers               = true                           {product lp64_product} {ergonomic}
     bool UseCompressedOops                        = true                           {product lp64_product} {ergonomic}
     bool UseG1GC                                  = true                                      {product} {ergonomic}
     bool UseLargePagesIndividualAllocation        = false                                  {pd product} {ergonomic}

Logging:
Log output configuration:
 #0: stdout all=warning uptime,level,tags
 #1: stderr all=off uptime,level,tags

Environment Variables:
PATH=D:\Programmes\Vmware\bin\;c:\Users\DELL\AppData\Local\Programs\cursor\resources\app\bin;C:\composer;C:\Python313\Scripts\;C:\Python313\;C:\WINDOWS\system32;C:\WINDOWS;C:\WINDOWS\System32\Wbem;C:\WINDOWS\System32\WindowsPowerShell\v1.0\;C:\WINDOWS\System32\OpenSSH\;C:\Program Files\nodejs\;C:\ProgramData\chocolatey\bin;C:\Program Files\Go\bin;C:\Program Files\Git\cmd;C:\composer;C:\composer;C:\Users\DELL\AppData\Roaming\npm;C:\Users\DELL\AppData\Local\JetBrains\Toolbox\scripts;C:\Users\DELL\go\bin;C:\Users\DELL\AppData\Roaming\Composer\vendor\bin;D:\xampp\php;C:\Users\DELL\AppData\Local\Programs\Windsurf\bin;C:\Users\DELL\AppData\Local\Programs\cursor\resources\app\bin;c:\Users\DELL\AppData\Local\Programs\cursor\resources\app\bin;C:\Users\DELL\AppData\Local\Programs\Microsoft VS Code\bin;C:\xampp\php;C:\Program Files\dotnet\;C:\Program Files\Microsoft SQL Server\150\Tools\Binn\;C:\Program Files\Microsoft SQL Server\Client SDK\ODBC\170\Tools\Binn\;C:\Program Files (x86)\Microsoft SQL Server\160\Tools\Binn\;C:\Program Files\Microsoft SQL Server\160\Tools\Binn\;C:\Program Files\Microsoft SQL Server\160\DTS\Binn\;C:\Program Files (x86)\Microsoft SQL Server\160\DTS\Binn\;D:\Programmes\cursor\resources\app\bin;C:\composer;C:\Users\DELL\AppData\Local\Programs\Microsoft VS Code\bin;C:\Users\DELL\AppData\Roaming\npm;C:\Users\DELL\AppData\Local\JetBrains\Toolbox\scripts;C:\Users\DELL\go\bin;C:\Users\DELL\AppData\Roaming\Composer\vendor\bin;D:\xampp\php;C:\Users\DELL\AppData\Local\Programs\MiKTeX\miktex\bin\x64\;C:\Users\DELL\.dotnet\tools;D:\Programmes\MongoDB\bin;D:\Programmes\Windsurf\bin
USERNAME=DELL
OS=Windows_NT
PROCESSOR_IDENTIFIER=Intel64 Family 6 Model 186 Stepping 3, GenuineIntel



---------------  S Y S T E M  ---------------

OS:
 Windows 11 , 64 bit Build 26100 (10.0.26100.5074)
OS uptime: 36 days 16:58 hours
Hyper-V role detected

CPU: total 8 (initial active 8) (4 cores per cpu, 2 threads per core) family 6 model 186 stepping 3 microcode 0x4128, cx8, cmov, fxsr, ht, mmx, 3dnowpref, sse, sse2, sse3, ssse3, sse4.1, sse4.2, popcnt, lzcnt, tsc, tscinvbit, avx, avx2, aes, erms, clmul, bmi1, bmi2, adx, sha, fma, vzeroupper, clflush, clflushopt, clwb, hv

Memory: 4k page, system-wide physical 16068M (1682M free)
TotalPageFile size 30742M (AvailPageFile size 0M)
current process WorkingSet (physical memory assigned to process): 124M, peak: 124M
current process commit charge ("private bytes"): 406M, peak: 406M

vm_info: Java HotSpot(TM) 64-Bit Server VM (17.0.12+8-LTS-286) for windows-amd64 JRE (17.0.12+8-LTS-286), built on Jun  5 2024 06:46:59 by "mach5one" with MS VC++ 17.6 (VS2022)

END.
