#
# There is insufficient memory for the Java Runtime Environment to continue.
# Native memory allocation (mmap) failed to map 264241152 bytes for G1 virtual space
# Possible reasons:
#   The system is out of physical RAM or swap space
#   The process is running with CompressedOops enabled, and the Java Heap may be blocking the growth of the native heap
# Possible solutions:
#   Reduce memory load on the system
#   Increase physical memory or swap space
#   Check if swap backing store is full
#   Decrease Java heap size (-Xmx/-Xms)
#   Decrease number of Java threads
#   Decrease Java thread stack sizes (-Xss)
#   Set larger code cache with -XX:ReservedCodeCacheSize=
#   JVM is running with Zero Based Compressed Oops mode in which the Java heap is
#     placed in the first 32GB address space. The Java Heap base address is the
#     maximum limit for the native heap growth. Please use -XX:HeapBaseMinAddress
#     to set the Java Heap base and to place the Java Heap above 32GB virtual address.
# This output file may be truncated or incomplete.
#
#  Out of Memory Error (os_windows.cpp:3548), pid=30596, tid=29728
#
# JRE version:  (17.0.12+8) (build )
# Java VM: Java HotSpot(TM) 64-Bit Server VM (17.0.12+8-LTS-286, mixed mode, sharing, tiered, compressed oops, compressed class ptrs, g1 gc, windows-amd64)
# No core dump will be written. Minidumps are not enabled by default on client versions of Windows
#

---------------  S U M M A R Y ------------

Command Line: -Dmaven.multiModuleProjectDirectory=D:\ManagementRefuge- -Djansi.passthrough=true -Dmaven.home=D:\Programmes\IntelliJ IDEA 2024.3.3\plugins\maven\lib\maven3 -Dclassworlds.conf=D:\Programmes\IntelliJ IDEA 2024.3.3\plugins\maven\lib\maven3\bin\m2.conf -Dmaven.ext.class.path=D:\Programmes\IntelliJ IDEA 2024.3.3\plugins\maven\lib\maven-event-listener.jar -javaagent:D:\Programmes\IntelliJ IDEA 2024.3.3\lib\idea_rt.jar=2432:D:\Programmes\IntelliJ IDEA 2024.3.3\bin -Dfile.encoding=UTF-8 org.codehaus.classworlds.Launcher -Didea.version=2024.3.3 org.openjfx:javafx-maven-plugin:0.0.8:run

Host: 13th Gen Intel(R) Core(TM) i3-1315U, 8 cores, 15G,  Windows 11 , 64 bit Build 26100 (10.0.26100.5074)
Time: Tue Jan 13 00:20:28 2026 Maroc (heure d64 bit Build 26100 (10.0.26100.5074) elapsed time: 0.027556 seconds (0d 0h 0m 0s)

---------------  T H R E A D  ---------------

Current thread (0x000001ed9a112ec0):  JavaThread "Unknown thread" [_thread_in_vm, id=29728, stack(0x000000c0c5200000,0x000000c0c5300000)]

Stack: [0x000000c0c5200000,0x000000c0c5300000]
Native frames: (J=compiled Java code, j=interpreted, Vv=VM code, C=native code)
V  [jvm.dll+0x67a04a]
V  [jvm.dll+0x7da4ed]
V  [jvm.dll+0x7dbe33]
V  [jvm.dll+0x7dc4a3]
V  [jvm.dll+0x24508f]
V  [jvm.dll+0x677089]
V  [jvm.dll+0x66bd32]
V  [jvm.dll+0x301fa6]
V  [jvm.dll+0x309546]
V  [jvm.dll+0x359d2e]
V  [jvm.dll+0x359f5f]
V  [jvm.dll+0x2d9078]
V  [jvm.dll+0x2d9fe4]
V  [jvm.dll+0x7aca21]
V  [jvm.dll+0x367591]
V  [jvm.dll+0x78b999]
V  [jvm.dll+0x3ec83f]
V  [jvm.dll+0x3ee471]
C  [jli.dll+0x5297]
C  [ucrtbase.dll+0x37b0]
C  [KERNEL32.DLL+0x2e8d7]
C  [ntdll.dll+0x8d9c]


---------------  P R O C E S S  ---------------

Threads class SMR info:
_java_thread_list=0x00007ffd15907a18, length=0, elements={
}

Java Threads: ( => current thread )

Other Threads:
  0x000001ed9a1803b0 GCTaskThread "GC Thread#0" [stack: 0x000000c0c5300000,0x000000c0c5400000] [id=17592]
  0x000001ed9a191ae0 ConcurrentGCThread "G1 Main Marker" [stack: 0x000000c0c5400000,0x000000c0c5500000] [id=5600]
  0x000001ed9a193ca0 ConcurrentGCThread "G1 Conc#0" [stack: 0x000000c0c5500000,0x000000c0c5600000] [id=1416]

[error occurred during error reporting (printing all threads), id 0xc0000005, EXCEPTION_ACCESS_VIOLATION (0xc0000005) at pc=0x00007ffd15139b67]

VM state: not at safepoint (not fully initialized)

VM Mutex/Monitor currently owned by a thread:  ([mutex/lock_event])
[0x000001ed9a10de70] Heap_lock - owner thread: 0x000001ed9a112ec0

Heap address: 0x0000000704e00000, size: 4018 MB, Compressed Oops mode: Zero based, Oop shift amount: 3

CDS archive(s) mapped at: [0x0000000000000000-0x0000000000000000-0x0000000000000000), size 0, SharedBaseAddress: 0x0000000800000000, ArchiveRelocationMode: 1.
Narrow klass base: 0x0000000000000000, Narrow klass shift: 0, Narrow klass range: 0x0

GC Precious Log:
<Empty>

Heap:
 garbage-first heap   total 0K, used 0K [0x0000000704e00000, 0x0000000800000000)
  region size 2048K, 0 young (0K), 0 survivors (0K)

[error occurred during error reporting (printing heap information), id 0xc0000005, EXCEPTION_ACCESS_VIOLATION (0xc0000005) at pc=0x00007ffd15523859]

GC Heap History (0 events):
No events

Deoptimization events (0 events):
No events

Classes unloaded (0 events):
No events

Classes redefined (0 events):
No events

Internal exceptions (0 events):
No events

VM Operations (0 events):
No events

Events (1 events):
Event: 0.015 Loaded shared library C:\Program Files\Java\jdk-17\bin\java.dll


Dynamic libraries:
0x00007ff7492b0000 - 0x00007ff7492c0000 	C:\Program Files\Java\jdk-17\bin\java.exe
0x00007ffdb0f20000 - 0x00007ffdb1189000 	C:\WINDOWS\SYSTEM32\ntdll.dll
0x00007ffdaee00000 - 0x00007ffdaeec9000 	C:\WINDOWS\System32\KERNEL32.DLL
0x00007ffdae300000 - 0x00007ffdae6f3000 	C:\WINDOWS\System32\KERNELBASE.dll
0x00007ffdaeba0000 - 0x00007ffdaeceb000 	C:\WINDOWS\System32\ucrtbase.dll
0x00007ffd9d300000 - 0x00007ffd9d31b000 	C:\Program Files\Java\jdk-17\bin\VCRUNTIME140.dll
0x00007ffd9cb10000 - 0x00007ffd9cb29000 	C:\Program Files\Java\jdk-17\bin\jli.dll
0x00007ffdb05f0000 - 0x00007ffdb06a4000 	C:\WINDOWS\System32\ADVAPI32.dll
0x00007ffdb02d0000 - 0x00007ffdb0379000 	C:\WINDOWS\System32\msvcrt.dll
0x00007ffdaf780000 - 0x00007ffdaf826000 	C:\WINDOWS\System32\sechost.dll
0x00007ffdb0770000 - 0x00007ffdb0888000 	C:\WINDOWS\System32\RPCRT4.dll
0x00007ffdb0100000 - 0x00007ffdb02c4000 	C:\WINDOWS\System32\USER32.dll
0x00007ffdae150000 - 0x00007ffdae177000 	C:\WINDOWS\System32\win32u.dll
0x00007ffd91540000 - 0x00007ffd917d3000 	C:\WINDOWS\WinSxS\amd64_microsoft.windows.common-controls_6595b64144ccf1df_6.0.26100.5074_none_3e0d6f78e32fd63f\COMCTL32.dll
0x00007ffdaeed0000 - 0x00007ffdaeefb000 	C:\WINDOWS\System32\GDI32.dll
0x00007ffdae700000 - 0x00007ffdae82d000 	C:\WINDOWS\System32\gdi32full.dll
0x00007ffdaeaf0000 - 0x00007ffdaeb93000 	C:\WINDOWS\System32\msvcp_win.dll
0x00007ffd8de70000 - 0x00007ffd8de7b000 	C:\WINDOWS\SYSTEM32\VERSION.dll
0x00007ffdaefe0000 - 0x00007ffdaf00f000 	C:\WINDOWS\System32\IMM32.DLL
0x00007ffda87d0000 - 0x00007ffda87dc000 	C:\Program Files\Java\jdk-17\bin\vcruntime140_1.dll
0x00007ffd72820000 - 0x00007ffd728ae000 	C:\Program Files\Java\jdk-17\bin\msvcp140.dll
0x00007ffd14e50000 - 0x00007ffd15a30000 	C:\Program Files\Java\jdk-17\bin\server\jvm.dll
0x00007ffdaf6f0000 - 0x00007ffdaf6f8000 	C:\WINDOWS\System32\PSAPI.DLL
0x00007ffda8730000 - 0x00007ffda873a000 	C:\WINDOWS\SYSTEM32\WSOCK32.dll
0x00007ffda88e0000 - 0x00007ffda8915000 	C:\WINDOWS\SYSTEM32\WINMM.dll
0x00007ffdaf830000 - 0x00007ffdaf8a4000 	C:\WINDOWS\System32\WS2_32.dll
0x00007ffdace50000 - 0x00007ffdace6b000 	C:\WINDOWS\SYSTEM32\kernel.appcore.dll
0x00007ffda8680000 - 0x00007ffda868a000 	C:\Program Files\Java\jdk-17\bin\jimage.dll
0x00007ffdab240000 - 0x00007ffdab482000 	C:\WINDOWS\SYSTEM32\DBGHELP.DLL
0x00007ffdaf370000 - 0x00007ffdaf6eb000 	C:\WINDOWS\System32\combase.dll
0x00007ffdaef00000 - 0x00007ffdaefd7000 	C:\WINDOWS\System32\OLEAUT32.dll
0x00007ffd88a10000 - 0x00007ffd88a4d000 	C:\WINDOWS\SYSTEM32\dbgcore.DLL
0x00007ffdae0b0000 - 0x00007ffdae149000 	C:\WINDOWS\System32\bcryptPrimitives.dll
0x00007ffd96fe0000 - 0x00007ffd96fee000 	C:\Program Files\Java\jdk-17\bin\instrument.dll
0x00007ffd97980000 - 0x00007ffd979a5000 	C:\Program Files\Java\jdk-17\bin\java.dll

dbghelp: loaded successfully - version: 4.0.5 - missing functions: none
symbol engine: initialized successfully - sym options: 0x614 - pdb path: .;C:\Program Files\Java\jdk-17\bin;C:\WINDOWS\SYSTEM32;C:\WINDOWS\WinSxS\amd64_microsoft.windows.common-controls_6595b64144ccf1df_6.0.26100.5074_none_3e0d6f78e32fd63f;C:\Program Files\Java\jdk-17\bin\server

VM Arguments:
jvm_args: -Dmaven.multiModuleProjectDirectory=D:\ManagementRefuge- -Djansi.passthrough=true -Dmaven.home=D:\Programmes\IntelliJ IDEA 2024.3.3\plugins\maven\lib\maven3 -Dclassworlds.conf=D:\Programmes\IntelliJ IDEA 2024.3.3\plugins\maven\lib\maven3\bin\m2.conf -Dmaven.ext.class.path=D:\Programmes\IntelliJ IDEA 2024.3.3\plugins\maven\lib\maven-event-listener.jar -javaagent:D:\Programmes\IntelliJ IDEA 2024.3.3\lib\idea_rt.jar=2432:D:\Programmes\IntelliJ IDEA 2024.3.3\bin -Dfile.encoding=UTF-8 
java_command: org.codehaus.classworlds.Launcher -Didea.version=2024.3.3 org.openjfx:javafx-maven-plugin:0.0.8:run
java_class_path (initial): D:\Programmes\IntelliJ IDEA 2024.3.3\plugins\maven\lib\maven3\boot\plexus-classworlds-2.8.0.jar;D:\Programmes\IntelliJ IDEA 2024.3.3\plugins\maven\lib\maven3\boot\plexus-classworlds.license
Launcher Type: SUN_STANDARD

[Global flags]
     intx CICompilerCount                          = 4                                         {product} {ergonomic}
     uint ConcGCThreads                            = 2                                         {product} {ergonomic}
     uint G1ConcRefinementThreads                  = 8                                         {product} {ergonomic}
   size_t G1HeapRegionSize                         = 2097152                                   {product} {ergonomic}
    uintx GCDrainStackTargetSize                   = 64                                        {product} {ergonomic}
   size_t InitialHeapSize                          = 264241152                                 {product} {ergonomic}
   size_t MarkStackSize                            = 4194304                                   {product} {ergonomic}
   size_t MaxHeapSize                              = 4213178368                                {product} {ergonomic}
   size_t MinHeapDeltaBytes                        = 2097152                                   {product} {ergonomic}
   size_t MinHeapSize                              = 8388608                                   {product} {ergonomic}
    uintx NonNMethodCodeHeapSize                   = 5839372                                {pd product} {ergonomic}
    uintx NonProfiledCodeHeapSize                  = 122909434                              {pd product} {ergonomic}
    uintx ProfiledCodeHeapSize                     = 122909434                              {pd product} {ergonomic}
    uintx ReservedCodeCacheSize                    = 251658240                              {pd product} {ergonomic}
     bool SegmentedCodeCache                       = true                                      {product} {ergonomic}
   size_t SoftMaxHeapSize                          = 4213178368                             {manageable} {ergonomic}
     bool UseCompressedClassPointers               = true                           {product lp64_product} {ergonomic}
     bool UseCompressedOops                        = true                           {product lp64_product} {ergonomic}
     bool UseG1GC                                  = true                                      {product} {ergonomic}
     bool UseLargePagesIndividualAllocation        = false                                  {pd product} {ergonomic}

Logging:
Log output configuration:
 #0: stdout all=warning uptime,level,tags
 #1: stderr all=off uptime,level,tags

Environment Variables:
PATH=D:\Programmes\Vmware\bin\;c:\Users\DELL\AppData\Local\Programs\cursor\resources\app\bin;C:\composer;C:\Python313\Scripts\;C:\Python313\;C:\WINDOWS\system32;C:\WINDOWS;C:\WINDOWS\System32\Wbem;C:\WINDOWS\System32\WindowsPowerShell\v1.0\;C:\WINDOWS\System32\OpenSSH\;C:\Program Files\nodejs\;C:\ProgramData\chocolatey\bin;C:\Program Files\Go\bin;C:\Program Files\Git\cmd;C:\composer;C:\composer;C:\Users\DELL\AppData\Roaming\npm;C:\Users\DELL\AppData\Local\JetBrains\Toolbox\scripts;C:\Users\DELL\go\bin;C:\Users\DELL\AppData\Roaming\Composer\vendor\bin;D:\xampp\php;C:\Users\DELL\AppData\Local\Programs\Windsurf\bin;C:\Users\DELL\AppData\Local\Programs\cursor\resources\app\bin;c:\Users\DELL\AppData\Local\Programs\cursor\resources\app\bin;C:\Users\DELL\AppData\Local\Programs\Microsoft VS Code\bin;C:\xampp\php;C:\Program Files\dotnet\;C:\Program Files\Microsoft SQL Server\150\Tools\Binn\;C:\Program Files\Microsoft SQL Server\Client SDK\ODBC\170\Tools\Binn\;C:\Program Files (x86)\Microsoft SQL Server\160\Tools\Binn\;C:\Program Files\Microsoft SQL Server\160\Tools\Binn\;C:\Program Files\Microsoft SQL Server\160\DTS\Binn\;C:\Program Files (x86)\Microsoft SQL Server\160\DTS\Binn\;D:\Programmes\cursor\resources\app\bin;C:\composer;C:\Users\DELL\AppData\Local\Programs\Microsoft VS Code\bin;C:\Users\DELL\AppData\Roaming\npm;C:\Users\DELL\AppData\Local\JetBrains\Toolbox\scripts;C:\Users\DELL\go\bin;C:\Users\DELL\AppData\Roaming\Composer\vendor\bin;D:\xampp\php;C:\Users\DELL\AppData\Local\Programs\MiKTeX\miktex\bin\x64\;C:\Users\DELL\.dotnet\tools;D:\Programmes\MongoDB\bin;D:\Programmes\Windsurf\bin
USERNAME=DELL
OS=Windows_NT
PROCESSOR_IDENTIFIER=Intel64 Family 6 Model 186 Stepping 3, GenuineIntel



---------------  S Y S T E M  ---------------

OS:
 Windows 11 , 64 bit Build 26100 (10.0.26100.5074)
OS uptime: 38 days 0:00 hours
Hyper-V role detected

CPU: total 8 (initial active 8) (4 cores per cpu, 2 threads per core) family 6 model 186 stepping 3 microcode 0x4128, cx8, cmov, fxsr, ht, mmx, 3dnowpref, sse, sse2, sse3, ssse3, sse4.1, sse4.2, popcnt, lzcnt, tsc, tscinvbit, avx, avx2, aes, erms, clmul, bmi1, bmi2, adx, sha, fma, vzeroupper, clflush, clflushopt, clwb, hv

Memory: 4k page, system-wide physical 16068M (1080M free)
TotalPageFile size 30586M (AvailPageFile size 164M)
current process WorkingSet (physical memory assigned to process): 12M, peak: 12M
current process commit charge ("private bytes"): 60M, peak: 312M

vm_info: Java HotSpot(TM) 64-Bit Server VM (17.0.12+8-LTS-286) for windows-amd64 JRE (17.0.12+8-LTS-286), built on Jun  5 2024 06:46:59 by "mach5one" with MS VC++ 17.6 (VS2022)

END.
