#
# There is insufficient memory for the Java Runtime Environment to continue.
# Native memory allocation (mmap) failed to map 264241152 bytes for G1 virtual space
# Possible reasons:
#   The system is out of physical RAM or swap space
#   The process is running with CompressedOops enabled, and the Java Heap may be blocking the growth of the native heap
# Possible solutions:
#   Reduce memory load on the system
#   Increase physical memory or swap space
#   Check if swap backing store is full
#   Decrease Java heap size (-Xmx/-Xms)
#   Decrease number of Java threads
#   Decrease Java thread stack sizes (-Xss)
#   Set larger code cache with -XX:ReservedCodeCacheSize=
#   JVM is running with Zero Based Compressed Oops mode in which the Java heap is
#     placed in the first 32GB address space. The Java Heap base address is the
#     maximum limit for the native heap growth. Please use -XX:HeapBaseMinAddress
#     to set the Java Heap base and to place the Java Heap above 32GB virtual address.
# This output file may be truncated or incomplete.
#
#  Out of Memory Error (os_windows.cpp:3548), pid=24832, tid=33264
#
# JRE version:  (17.0.12+8) (build )
# Java VM: Java HotSpot(TM) 64-Bit Server VM (17.0.12+8-LTS-286, mixed mode, sharing, tiered, compressed oops, compressed class ptrs, g1 gc, windows-amd64)
# No core dump will be written. Minidumps are not enabled by default on client versions of Windows
#

---------------  S U M M A R Y ------------

Command Line: --module-path=C:\Users\DELL\.m2\repository\org\openjfx\javafx-base\17\javafx-base-17-win.jar;C:\Users\DELL\.m2\repository\org\openjfx\javafx-base\17\javafx-base-17.jar;C:\Users\DELL\.m2\repository\org\openjfx\javafx-controls\17\javafx-controls-17-win.jar;C:\Users\DELL\.m2\repository\org\openjfx\javafx-controls\17\javafx-controls-17.jar;C:\Users\DELL\.m2\repository\org\openjfx\javafx-fxml\17\javafx-fxml-17-win.jar;C:\Users\DELL\.m2\repository\org\openjfx\javafx-fxml\17\javafx-fxml-17.jar;C:\Users\DELL\.m2\repository\org\openjfx\javafx-graphics\17\javafx-graphics-17-win.jar;C:\Users\DELL\.m2\repository\org\openjfx\javafx-graphics\17\javafx-graphics-17.jar --add-modules=javafx.base,javafx.base,javafx.controls,javafx.controls,javafx.fxml,javafx.fxml,javafx.graphics,javafx.graphics ma.refuge.MainApp

Host: 13th Gen Intel(R) Core(TM) i3-1315U, 8 cores, 15G,  Windows 11 , 64 bit Build 26100 (10.0.26100.5074)
Time: Sun Jan 11 17:18:52 2026 Maroc (heure d64 bit Build 26100 (10.0.26100.5074) elapsed time: 0.016325 seconds (0d 0h 0m 0s)

---------------  T H R E A D  ---------------

Current thread (0x00000240e4df3cc0):  JavaThread "Unknown thread" [_thread_in_vm, id=33264, stack(0x000000f958800000,0x000000f958900000)]

Stack: [0x000000f958800000,0x000000f958900000]
Native frames: (J=compiled Java code, j=interpreted, Vv=VM code, C=native code)
V  [jvm.dll+0x67a04a]
V  [jvm.dll+0x7da4ed]
V  [jvm.dll+0x7dbe33]
V  [jvm.dll+0x7dc4a3]
V  [jvm.dll+0x24508f]
V  [jvm.dll+0x677089]
V  [jvm.dll+0x66bd32]
V  [jvm.dll+0x301fa6]
V  [jvm.dll+0x309546]
V  [jvm.dll+0x359d2e]
V  [jvm.dll+0x359f5f]
V  [jvm.dll+0x2d9078]
V  [jvm.dll+0x2d9fe4]
V  [jvm.dll+0x7aca21]
V  [jvm.dll+0x367591]
V  [jvm.dll+0x78b999]
V  [jvm.dll+0x3ec83f]
V  [jvm.dll+0x3ee471]
C  [jli.dll+0x5297]
C  [ucrtbase.dll+0x37b0]
C  [KERNEL32.DLL+0x2e8d7]
C  [ntdll.dll+0x8d9c]


---------------  P R O C E S S  ---------------

Threads class SMR info:
_java_thread_list=0x00007ffcace17a18, length=0, elements={
}

Java Threads: ( => current thread )

Other Threads:
  0x00000240e4e613f0 GCTaskThread "GC Thread#0" [stack: 0x000000f958900000,0x000000f958a00000] [id=11464]
  0x00000240e4e71e50 ConcurrentGCThread "G1 Main Marker" [stack: 0x000000f958a00000,0x000000f958b00000] [id=23784]
  0x00000240e4e74540 ConcurrentGCThread "G1 Conc#0" [stack: 0x000000f958b00000,0x000000f958c00000] [id=29932]

[error occurred during error reporting (printing all threads), id 0xc0000005, EXCEPTION_ACCESS_VIOLATION (0xc0000005) at pc=0x00007ffcac649b67]

VM state: not at safepoint (not fully initialized)

VM Mutex/Monitor currently owned by a thread:  ([mutex/lock_event])
[0x00000240e4de42e0] Heap_lock - owner thread: 0x00000240e4df3cc0

Heap address: 0x0000000704e00000, size: 4018 MB, Compressed Oops mode: Zero based, Oop shift amount: 3

CDS archive(s) mapped at: [0x0000000000000000-0x0000000000000000-0x0000000000000000), size 0, SharedBaseAddress: 0x0000000800000000, ArchiveRelocationMode: 1.
Narrow klass base: 0x0000000000000000, Narrow klass shift: 0, Narrow klass range: 0x0

GC Precious Log:
<Empty>

Heap:
 garbage-first heap   total 0K, used 0K [0x0000000704e00000, 0x0000000800000000)
  region size 2048K, 0 young (0K), 0 survivors (0K)

[error occurred during error reporting (printing heap information), id 0xc0000005, EXCEPTION_ACCESS_VIOLATION (0xc0000005) at pc=0x00007ffcaca33859]

GC Heap History (0 events):
No events

Deoptimization events (0 events):
No events

Classes unloaded (0 events):
No events

Classes redefined (0 events):
No events

Internal exceptions (0 events):
No events

VM Operations (0 events):
No events

Events (1 events):
Event: 0.011 Loaded shared library C:\Program Files\Java\jdk-17\bin\java.dll


Dynamic libraries:
0x00007ff67dc20000 - 0x00007ff67dc30000 	C:\Program Files\Java\jdk-17\bin\java.exe
0x00007ffdb0f20000 - 0x00007ffdb1189000 	C:\WINDOWS\SYSTEM32\ntdll.dll
0x00007ffdaee00000 - 0x00007ffdaeec9000 	C:\WINDOWS\System32\KERNEL32.DLL
0x00007ffdae300000 - 0x00007ffdae6f3000 	C:\WINDOWS\System32\KERNELBASE.dll
0x00007ffdaeba0000 - 0x00007ffdaeceb000 	C:\WINDOWS\System32\ucrtbase.dll
0x00007ffda8690000 - 0x00007ffda86a9000 	C:\Program Files\Java\jdk-17\bin\jli.dll
0x00007ffdb05f0000 - 0x00007ffdb06a4000 	C:\WINDOWS\System32\ADVAPI32.dll
0x00007ffda8780000 - 0x00007ffda879b000 	C:\Program Files\Java\jdk-17\bin\VCRUNTIME140.dll
0x00007ffdb02d0000 - 0x00007ffdb0379000 	C:\WINDOWS\System32\msvcrt.dll
0x00007ffdaf780000 - 0x00007ffdaf826000 	C:\WINDOWS\System32\sechost.dll
0x00007ffdb0770000 - 0x00007ffdb0888000 	C:\WINDOWS\System32\RPCRT4.dll
0x00007ffdb0100000 - 0x00007ffdb02c4000 	C:\WINDOWS\System32\USER32.dll
0x00007ffdae150000 - 0x00007ffdae177000 	C:\WINDOWS\System32\win32u.dll
0x00007ffd91540000 - 0x00007ffd917d3000 	C:\WINDOWS\WinSxS\amd64_microsoft.windows.common-controls_6595b64144ccf1df_6.0.26100.5074_none_3e0d6f78e32fd63f\COMCTL32.dll
0x00007ffdaeed0000 - 0x00007ffdaeefb000 	C:\WINDOWS\System32\GDI32.dll
0x00007ffdae700000 - 0x00007ffdae82d000 	C:\WINDOWS\System32\gdi32full.dll
0x00007ffdaeaf0000 - 0x00007ffdaeb93000 	C:\WINDOWS\System32\msvcp_win.dll
0x00007ffd8de70000 - 0x00007ffd8de7b000 	C:\WINDOWS\SYSTEM32\VERSION.dll
0x00007ffdaefe0000 - 0x00007ffdaf00f000 	C:\WINDOWS\System32\IMM32.DLL
0x00007ffdaac90000 - 0x00007ffdaac9c000 	C:\Program Files\Java\jdk-17\bin\vcruntime140_1.dll
0x00007ffd60180000 - 0x00007ffd6020e000 	C:\Program Files\Java\jdk-17\bin\msvcp140.dll
0x00007ffcac360000 - 0x00007ffcacf40000 	C:\Program Files\Java\jdk-17\bin\server\jvm.dll
0x00007ffdaf6f0000 - 0x00007ffdaf6f8000 	C:\WINDOWS\System32\PSAPI.DLL
0x00007ffd9cb10000 - 0x00007ffd9cb1a000 	C:\WINDOWS\SYSTEM32\WSOCK32.dll
0x00007ffda88e0000 - 0x00007ffda8915000 	C:\WINDOWS\SYSTEM32\WINMM.dll
0x00007ffdaf830000 - 0x00007ffdaf8a4000 	C:\WINDOWS\System32\WS2_32.dll
0x00007ffdace50000 - 0x00007ffdace6b000 	C:\WINDOWS\SYSTEM32\kernel.appcore.dll
0x00007ffd9edb0000 - 0x00007ffd9edba000 	C:\Program Files\Java\jdk-17\bin\jimage.dll
0x00007ffdab240000 - 0x00007ffdab482000 	C:\WINDOWS\SYSTEM32\DBGHELP.DLL
0x00007ffdaf370000 - 0x00007ffdaf6eb000 	C:\WINDOWS\System32\combase.dll
0x00007ffdaef00000 - 0x00007ffdaefd7000 	C:\WINDOWS\System32\OLEAUT32.dll
0x00007ffd88a10000 - 0x00007ffd88a4d000 	C:\WINDOWS\SYSTEM32\dbgcore.DLL
0x00007ffdae0b0000 - 0x00007ffdae149000 	C:\WINDOWS\System32\bcryptPrimitives.dll
0x00007ffd98200000 - 0x00007ffd98225000 	C:\Program Files\Java\jdk-17\bin\java.dll

dbghelp: loaded successfully - version: 4.0.5 - missing functions: none
symbol engine: initialized successfully - sym options: 0x614 - pdb path: .;C:\Program Files\Java\jdk-17\bin;C:\WINDOWS\SYSTEM32;C:\WINDOWS\WinSxS\amd64_microsoft.windows.common-controls_6595b64144ccf1df_6.0.26100.5074_none_3e0d6f78e32fd63f;C:\Program Files\Java\jdk-17\bin\server

VM Arguments:
jvm_args: --module-path=C:\Users\DELL\.m2\repository\org\openjfx\javafx-base\17\javafx-base-17-win.jar;C:\Users\DELL\.m2\repository\org\openjfx\javafx-base\17\javafx-base-17.jar;C:\Users\DELL\.m2\repository\org\openjfx\javafx-controls\17\javafx-controls-17-win.jar;C:\Users\DELL\.m2\repository\org\openjfx\javafx-controls\17\javafx-controls-17.jar;C:\Users\DELL\.m2\repository\org\openjfx\javafx-fxml\17\javafx-fxml-17-win.jar;C:\Users\DELL\.m2\repository\org\openjfx\javafx-fxml\17\javafx-fxml-17.jar;C:\Users\DELL\.m2\repository\org\openjfx\javafx-graphics\17\javafx-graphics-17-win.jar;C:\Users\DELL\.m2\repository\org\openjfx\javafx-graphics\17\javafx-graphics-17.jar --add-modules=javafx.base,javafx.base,javafx.controls,javafx.controls,javafx.fxml,javafx.fxml,javafx.graphics,javafx.graphics 
java_command: ma.refuge.MainApp
java_class_path (initial): D:\ManagementRefuge-\target\classes;C:\Users\DELL\.m2\repository\antlr\antlr\2.7.7\antlr-2.7.7.jar;C:\Users\DELL\.m2\repository\com\fasterxml\classmate\1.5.1\classmate-1.5.1.jar;C:\Users\DELL\.m2\repository\com\google\protobuf\protobuf-java\3.21.9\protobuf-java-3.21.9.jar;C:\Users\DELL\.m2\repository\com\mysql\mysql-connector-j\8.0.33\mysql-connector-j-8.0.33.jar;C:\Users\DELL\.m2\repository\com\sun\istack\istack-commons-runtime\3.0.7\istack-commons-runtime-3.0.7.jar;C:\Users\DELL\.m2\repository\com\sun\xml\fastinfoset\FastInfoset\1.2.15\FastInfoset-1.2.15.jar;C:\Users\DELL\.m2\repository\javax\activation\javax.activation-api\1.2.0\javax.activation-api-1.2.0.jar;C:\Users\DELL\.m2\repository\javax\persistence\javax.persistence-api\2.2\javax.persistence-api-2.2.jar;C:\Users\DELL\.m2\repository\javax\xml\bind\jaxb-api\2.3.1\jaxb-api-2.3.1.jar;C:\Users\DELL\.m2\repository\net\bytebuddy\byte-buddy\1.12.18\byte-buddy-1.12.18.jar;C:\Users\DELL\.m2\repository\org\glassfish\jaxb\jaxb-runtime\2.3.1\jaxb-runtime-2.3.1.jar;C:\Users\DELL\.m2\repository\org\glassfish\jaxb\txw2\2.3.1\txw2-2.3.1.jar;C:\Users\DELL\.m2\repository\org\hibernate\hibernate-core\5.6.15.Final\hibernate-core-5.6.15.Final.jar;C:\Users\DELL\.m2\repository\org\hibernate\common\hibernate-commons-annotations\5.1.2.Final\hibernate-commons-annotations-5.1.2.Final.jar;C:\Users\DELL\.m2\repository\org\jboss\jandex\2.4.2.Final\jandex-2.4.2.Final.jar;C:\Users\DELL\.m2\repository\org\jboss\logging\jboss-logging\3.4.3.Final\jboss-logging-3.4.3.Final.jar;C:\Users\DELL\.m2\repository\org\jboss\spec\javax\transaction\jboss-transaction-api_1.2_spec\1.1.1.Final\jboss-transaction-api_1.2_spec-1.1.1.Final.jar;C:\Users\DELL\.m2\repository\org\jvnet\staxex\stax-ex\1.8\stax-ex-1.8.jar
Launcher Type: SUN_STANDARD

[Global flags]
     intx CICompilerCount                          = 4                                         {product} {ergonomic}
     uint ConcGCThreads                            = 2                                         {product} {ergonomic}
     uint G1ConcRefinementThreads                  = 8                                         {product} {ergonomic}
   size_t G1HeapRegionSize                         = 2097152                                   {product} {ergonomic}
    uintx GCDrainStackTargetSize                   = 64                                        {product} {ergonomic}
   size_t InitialHeapSize                          = 264241152                                 {product} {ergonomic}
   size_t MarkStackSize                            = 4194304                                   {product} {ergonomic}
   size_t MaxHeapSize                              = 4213178368                                {product} {ergonomic}
   size_t MinHeapDeltaBytes                        = 2097152                                   {product} {ergonomic}
   size_t MinHeapSize                              = 8388608                                   {product} {ergonomic}
    uintx NonNMethodCodeHeapSize                   = 5839372                                {pd product} {ergonomic}
    uintx NonProfiledCodeHeapSize                  = 122909434                              {pd product} {ergonomic}
    uintx ProfiledCodeHeapSize                     = 122909434                              {pd product} {ergonomic}
    uintx ReservedCodeCacheSize                    = 251658240                              {pd product} {ergonomic}
     bool SegmentedCodeCache                       = true                                      {product} {ergonomic}
   size_t SoftMaxHeapSize                          = 4213178368                             {manageable} {ergonomic}
     bool UseCompressedClassPointers               = true                           {product lp64_product} {ergonomic}
     bool UseCompressedOops                        = true                           {product lp64_product} {ergonomic}
     bool UseG1GC                                  = true                                      {product} {ergonomic}
     bool UseLargePagesIndividualAllocation        = false                                  {pd product} {ergonomic}

Logging:
Log output configuration:
 #0: stdout all=warning uptime,level,tags
 #1: stderr all=off uptime,level,tags

Environment Variables:
PATH=D:\Programmes\Vmware\bin\;c:\Users\DELL\AppData\Local\Programs\cursor\resources\app\bin;C:\composer;C:\Python313\Scripts\;C:\Python313\;C:\WINDOWS\system32;C:\WINDOWS;C:\WINDOWS\System32\Wbem;C:\WINDOWS\System32\WindowsPowerShell\v1.0\;C:\WINDOWS\System32\OpenSSH\;C:\Program Files\nodejs\;C:\ProgramData\chocolatey\bin;C:\Program Files\Go\bin;C:\Program Files\Git\cmd;C:\composer;C:\composer;C:\Users\DELL\AppData\Roaming\npm;C:\Users\DELL\AppData\Local\JetBrains\Toolbox\scripts;C:\Users\DELL\go\bin;C:\Users\DELL\AppData\Roaming\Composer\vendor\bin;D:\xampp\php;C:\Users\DELL\AppData\Local\Programs\Windsurf\bin;C:\Users\DELL\AppData\Local\Programs\cursor\resources\app\bin;c:\Users\DELL\AppData\Local\Programs\cursor\resources\app\bin;C:\Users\DELL\AppData\Local\Programs\Microsoft VS Code\bin;C:\xampp\php;C:\Program Files\dotnet\;C:\Program Files\Microsoft SQL Server\150\Tools\Binn\;C:\Program Files\Microsoft SQL Server\Client SDK\ODBC\170\Tools\Binn\;C:\Program Files (x86)\Microsoft SQL Server\160\Tools\Binn\;C:\Program Files\Microsoft SQL Server\160\Tools\Binn\;C:\Program Files\Microsoft SQL Server\160\DTS\Binn\;C:\Program Files (x86)\Microsoft SQL Server\160\DTS\Binn\;D:\Programmes\cursor\resources\app\bin;C:\composer;C:\Users\DELL\AppData\Local\Programs\Microsoft VS Code\bin;C:\Users\DELL\AppData\Roaming\npm;C:\Users\DELL\AppData\Local\JetBrains\Toolbox\scripts;C:\Users\DELL\go\bin;C:\Users\DELL\AppData\Roaming\Composer\vendor\bin;D:\xampp\php;C:\Users\DELL\AppData\Local\Programs\MiKTeX\miktex\bin\x64\;C:\Users\DELL\.dotnet\tools;D:\Programmes\MongoDB\bin;D:\Programmes\Windsurf\bin
USERNAME=DELL
OS=Windows_NT
PROCESSOR_IDENTIFIER=Intel64 Family 6 Model 186 Stepping 3, GenuineIntel



---------------  S Y S T E M  ---------------

OS:
 Windows 11 , 64 bit Build 26100 (10.0.26100.5074)
OS uptime: 36 days 16:58 hours
Hyper-V role detected

CPU: total 8 (initial active 8) (4 cores per cpu, 2 threads per core) family 6 model 186 stepping 3 microcode 0x4128, cx8, cmov, fxsr, ht, mmx, 3dnowpref, sse, sse2, sse3, ssse3, sse4.1, sse4.2, popcnt, lzcnt, tsc, tscinvbit, avx, avx2, aes, erms, clmul, bmi1, bmi2, adx, sha, fma, vzeroupper, clflush, clflushopt, clwb, hv

Memory: 4k page, system-wide physical 16068M (1681M free)
TotalPageFile size 30742M (AvailPageFile size 243M)
current process WorkingSet (physical memory assigned to process): 12M, peak: 12M
current process commit charge ("private bytes"): 60M, peak: 312M

vm_info: Java HotSpot(TM) 64-Bit Server VM (17.0.12+8-LTS-286) for windows-amd64 JRE (17.0.12+8-LTS-286), built on Jun  5 2024 06:46:59 by "mach5one" with MS VC++ 17.6 (VS2022)

END.
